Component: Arm Compiler for Embedded 6.19 Tool: armlink [5e73cb00]

==============================================================================

Section Cross References

    startup_stm32f103xb.o(STACK) refers (Special) to heapauxi.o(.text) for __use_two_region_memory
    startup_stm32f103xb.o(HEAP) refers (Special) to heapauxi.o(.text) for __use_two_region_memory
    startup_stm32f103xb.o(RESET) refers (Special) to heapauxi.o(.text) for __use_two_region_memory
    startup_stm32f103xb.o(RESET) refers to startup_stm32f103xb.o(STACK) for __initial_sp
    startup_stm32f103xb.o(RESET) refers to startup_stm32f103xb.o(.text) for Reset_Handler
    startup_stm32f103xb.o(RESET) refers to stm32f1xx_it.o(.text.NMI_Handler) for NMI_Handler
    startup_stm32f103xb.o(RESET) refers to stm32f1xx_it.o(.text.HardFault_Handler) for HardFault_Handler
    startup_stm32f103xb.o(RESET) refers to stm32f1xx_it.o(.text.MemManage_Handler) for MemManage_Handler
    startup_stm32f103xb.o(RESET) refers to stm32f1xx_it.o(.text.BusFault_Handler) for BusFault_Handler
    startup_stm32f103xb.o(RESET) refers to stm32f1xx_it.o(.text.UsageFault_Handler) for UsageFault_Handler
    startup_stm32f103xb.o(RESET) refers to stm32f1xx_it.o(.text.SVC_Handler) for SVC_Handler
    startup_stm32f103xb.o(RESET) refers to stm32f1xx_it.o(.text.DebugMon_Handler) for DebugMon_Handler
    startup_stm32f103xb.o(RESET) refers to stm32f1xx_it.o(.text.PendSV_Handler) for PendSV_Handler
    startup_stm32f103xb.o(RESET) refers to stm32f1xx_it.o(.text.SysTick_Handler) for SysTick_Handler
    startup_stm32f103xb.o(RESET) refers to stm32f1xx_it.o(.text.USART1_IRQHandler) for USART1_IRQHandler
    startup_stm32f103xb.o(.text) refers (Special) to heapauxi.o(.text) for __use_two_region_memory
    startup_stm32f103xb.o(.text) refers to system_stm32f1xx.o(.text.SystemInit) for SystemInit
    startup_stm32f103xb.o(.text) refers to __main.o(!!!main) for __main
    startup_stm32f103xb.o(.text) refers to startup_stm32f103xb.o(HEAP) for Heap_Mem
    startup_stm32f103xb.o(.text) refers to startup_stm32f103xb.o(STACK) for Stack_Mem
    main.o(.text) refers (Special) to _printf_percent.o(.ARM.Collect$$_printf_percent$$00000000) for _printf_percent
    main.o(.text) refers (Special) to _printf_pad.o(.text) for _printf_pre_padding
    main.o(.text) refers (Special) to _printf_s.o(.ARM.Collect$$_printf_percent$$00000014) for _printf_s
    main.o(.text) refers (Special) to _printf_d.o(.ARM.Collect$$_printf_percent$$00000009) for _printf_d
    main.o(.text) refers (Special) to _printf_dec.o(.text) for _printf_int_dec
    main.o(.text) refers (Special) to _printf_str.o(.text) for _printf_str
    main.o(.text) refers (Special) to _scanf_int.o(.text) for _scanf_int
    main.o(.text.time_update) refers (Special) to _printf_percent.o(.ARM.Collect$$_printf_percent$$00000000) for _printf_percent
    main.o(.text.time_update) refers (Special) to _printf_pad.o(.text) for _printf_pre_padding
    main.o(.text.time_update) refers (Special) to _printf_s.o(.ARM.Collect$$_printf_percent$$00000014) for _printf_s
    main.o(.text.time_update) refers (Special) to _printf_d.o(.ARM.Collect$$_printf_percent$$00000009) for _printf_d
    main.o(.text.time_update) refers (Special) to _printf_dec.o(.text) for _printf_int_dec
    main.o(.text.time_update) refers (Special) to _printf_str.o(.text) for _printf_str
    main.o(.text.time_update) refers (Special) to _scanf_int.o(.text) for _scanf_int
    main.o(.text.time_update) refers to stm32f1xx_hal.o(.text.HAL_GetTick) for HAL_GetTick
    main.o(.text.time_update) refers to main.o(.bss..L_MergedGlobals) for .L_MergedGlobals
    main.o(.text.time_update) refers to ds3231.o(.text.rtc_read_time) for rtc_read_time
    main.o(.text.time_update) refers to ds3231.o(.text.rtc_read_day_of_week) for rtc_read_day_of_week
    main.o(.text.time_update) refers to liquidcrystal_i2c.o(.text.lcd_set_cursor) for lcd_set_cursor
    main.o(.text.time_update) refers to main.o(.rodata.str1.1) for .L.str
    main.o(.text.time_update) refers to liquidcrystal_i2c.o(.text.lcd_printf) for lcd_printf
    main.o(.text.time_update) refers to main.o(.rodata.arr_day) for arr_day
    main.o(.ARM.exidx.text.time_update) refers (Special) to _printf_percent.o(.ARM.Collect$$_printf_percent$$00000000) for _printf_percent
    main.o(.ARM.exidx.text.time_update) refers (Special) to _printf_pad.o(.text) for _printf_pre_padding
    main.o(.ARM.exidx.text.time_update) refers (Special) to _printf_s.o(.ARM.Collect$$_printf_percent$$00000014) for _printf_s
    main.o(.ARM.exidx.text.time_update) refers (Special) to _printf_d.o(.ARM.Collect$$_printf_percent$$00000009) for _printf_d
    main.o(.ARM.exidx.text.time_update) refers (Special) to _printf_dec.o(.text) for _printf_int_dec
    main.o(.ARM.exidx.text.time_update) refers (Special) to _printf_str.o(.text) for _printf_str
    main.o(.ARM.exidx.text.time_update) refers (Special) to _scanf_int.o(.text) for _scanf_int
[...]
    _fp_digits                               0x08000c51   Thumb Code   432  _printf_fp_dec.o(.text)
    .text                                    0x08000c50   Section        0  _printf_fp_dec.o(.text)
    .text                                    0x0800106c   Section        0  _printf_fp_hex.o(.text)
    .text                                    0x08001368   Section        0  _printf_wchar.o(.text)
    .text                                    0x08001394   Section        0  _scanf.o(.text)
    .text                                    0x08001708   Section        0  _c16rtomb.o(.text)
    .text                                    0x08001750   Section       74  sys_stackheap_outer.o(.text)
    .text                                    0x0800179c   Section       16  rt_ctype_table.o(.text)
    .text                                    0x080017ac   Section        8  rt_locale_intlibspace.o(.text)
    .text                                    0x080017b4   Section        0  _printf_fp_infnan.o(.text)
    .text                                    0x08001834   Section        0  bigflt0.o(.text)
    .text                                    0x08001918   Section        0  exit.o(.text)
    .text                                    0x0800192c   Section        8  libspace.o(.text)
    .text                                    0x08001934   Section      128  strcmpv7m.o(.text)
    .text                                    0x080019b4   Section        0  sys_exit.o(.text)
    .text                                    0x080019c0   Section        2  use_no_semi.o(.text)
    .text                                    0x080019c2   Section        0  indicate_semi.o(.text)
    [Anonymous Symbol]                       0x080019c4   Section        0  stm32f1xx_it.o(.text.BusFault_Handler)
    [Anonymous Symbol]                       0x080019c8   Section        0  ds3231.o(.text.DS3231_Init)
    [Anonymous Symbol]                       0x080019d4   Section        0  stm32f1xx_it.o(.text.DebugMon_Handler)
    [Anonymous Symbol]                       0x080019d8   Section        0  stm32f1xx_hal_dma.o(.text.HAL_DMA_Abort)
    [Anonymous Symbol]                       0x08001a20   Section        0  stm32f1xx_hal_dma.o(.text.HAL_DMA_Abort_IT)
    [Anonymous Symbol]                       0x08001ad4   Section        0  stm32f1xx_hal.o(.text.HAL_Delay)
    [Anonymous Symbol]                       0x08001afc   Section        0  stm32f1xx_hal_gpio.o(.text.HAL_GPIO_Init)
    [Anonymous Symbol]                       0x08001d18   Section        0  stm32f1xx_hal_gpio.o(.text.HAL_GPIO_ReadPin)
    [Anonymous Symbol]                       0x08001d24   Section        0  stm32f1xx_hal_gpio.o(.text.HAL_GPIO_WritePin)
    [Anonymous Symbol]                       0x08001d30   Section        0  stm32f1xx_hal.o(.text.HAL_GetTick)
    [Anonymous Symbol]                       0x08001d3c   Section        0  stm32f1xx_hal_i2c.o(.text.HAL_I2C_Init)
    [Anonymous Symbol]                       0x08001eb4   Section        0  stm32f1xx_hal_i2c.o(.text.HAL_I2C_Master_Receive)
    [Anonymous Symbol]                       0x080022b0   Section        0  stm32f1xx_hal_i2c.o(.text.HAL_I2C_Master_Transmit)
    [Anonymous Symbol]                       0x08002484   Section        0  stm32f1xx_hal_i2c.o(.text.HAL_I2C_Mem_Read)
    [Anonymous Symbol]                       0x080027e4   Section        0  stm32f1xx_hal_i2c.o(.text.HAL_I2C_Mem_Write)
    [Anonymous Symbol]                       0x0800293c   Section        0  stm32f1xx_hal_msp.o(.text.HAL_I2C_MspInit)
    [Anonymous Symbol]                       0x080029a0   Section        0  stm32f1xx_hal.o(.text.HAL_IncTick)
    [Anonymous Symbol]                       0x080029bc   Section        0  stm32f1xx_hal.o(.text.HAL_Init)
    [Anonymous Symbol]                       0x080029e4   Section        0  stm32f1xx_hal.o(.text.HAL_InitTick)
    [Anonymous Symbol]                       0x08002a2c   Section        0  stm32f1xx_hal_msp.o(.text.HAL_MspInit)
    [Anonymous Symbol]                       0x08002a70   Section        0  stm32f1xx_hal_cortex.o(.text.HAL_NVIC_EnableIRQ)
    [Anonymous Symbol]                       0x08002a98   Section        0  stm32f1xx_hal_cortex.o(.text.HAL_NVIC_SetPriority)
    [Anonymous Symbol]                       0x08002af0   Section        0  stm32f1xx_hal_cortex.o(.text.HAL_NVIC_SetPriorityGrouping)
    [Anonymous Symbol]                       0x08002b10   Section        0  stm32f1xx_hal_rcc.o(.text.HAL_RCC_ClockConfig)
    [Anonymous Symbol]                       0x08002cd0   Section        0  stm32f1xx_hal_rcc.o(.text.HAL_RCC_GetPCLK1Freq)
    [Anonymous Symbol]                       0x08002cf8   Section        0  stm32f1xx_hal_rcc.o(.text.HAL_RCC_GetPCLK2Freq)
    [Anonymous Symbol]                       0x08002d20   Section        0  stm32f1xx_hal_rcc.o(.text.HAL_RCC_OscConfig)
    [Anonymous Symbol]                       0x080030d4   Section        0  stm32f1xx_hal_cortex.o(.text.HAL_SYSTICK_Config)
    [Anonymous Symbol]                       0x08003100   Section        0  stm32f1xx_hal_uart.o(.text.HAL_UARTEx_RxEventCallback)
    [Anonymous Symbol]                       0x08003104   Section        0  stm32f1xx_hal_uart.o(.text.HAL_UART_ErrorCallback)
    [Anonymous Symbol]                       0x08003108   Section        0  stm32f1xx_hal_uart.o(.text.HAL_UART_IRQHandler)
    [Anonymous Symbol]                       0x08003668   Section        0  stm32f1xx_hal_uart.o(.text.HAL_UART_Init)
    [Anonymous Symbol]                       0x0800374c   Section        0  stm32f1xx_hal_msp.o(.text.HAL_UART_MspInit)
    [Anonymous Symbol]                       0x080037d8   Section        0  stm32f1xx_hal_uart.o(.text.HAL_UART_Receive_IT)
    [Anonymous Symbol]                       0x0800382c   Section        0  main.o(.text.HAL_UART_RxCpltCallback)
    [Anonymous Symbol]                       0x0800388c   Section        0  stm32f1xx_hal_uart.o(.text.HAL_UART_TxCpltCallback)
    [Anonymous Symbol]                       0x08003890   Section        0  stm32f1xx_it.o(.text.HardFault_Handler)
    I2C_RequestMemoryRead                    0x08003895   Thumb Code   280  stm32f1xx_hal_i2c.o(.text.I2C_RequestMemoryRead)
    [Anonymous Symbol]                       0x08003894   Section        0  stm32f1xx_hal_i2c.o(.text.I2C_RequestMemoryRead)
    I2C_RequestMemoryWrite                   0x080039ad   Thumb Code   200  stm32f1xx_hal_i2c.o(.text.I2C_RequestMemoryWrite)
    [Anonymous Symbol]                       0x080039ac   Section        0  stm32f1xx_hal_i2c.o(.text.I2C_RequestMemoryWrite)
    I2C_WaitOnBTFFlagUntilTimeout            0x08003a75   Thumb Code   190  stm32f1xx_hal_i2c.o(.text.I2C_WaitOnBTFFlagUntilTimeout)
    [Anonymous Symbol]                       0x08003a74   Section        0  stm32f1xx_hal_i2c.o(.text.I2C_WaitOnBTFFlagUntilTimeout)
    I2C_WaitOnFlagUntilTimeout               0x08003b35   Thumb Code   466  stm32f1xx_hal_i2c.o(.text.I2C_WaitOnFlagUntilTimeout)
    [Anonymous Symbol]                       0x08003b34   Section        0  stm32f1xx_hal_i2c.o(.text.I2C_WaitOnFlagUntilTimeout)
    I2C_WaitOnMasterAddressFlagUntilTimeout  0x08003d09   Thumb Code   224  stm32f1xx_hal_i2c.o(.text.I2C_WaitOnMasterAddressFlagUntilTimeout)
    [Anonymous Symbol]                       0x08003d08   Section        0  stm32f1xx_hal_i2c.o(.text.I2C_WaitOnMasterAddressFlagUntilTimeout)
    I2C_WaitOnRXNEFlagUntilTimeout           0x08003de9   Thumb Code   144  stm32f1xx_hal_i2c.o(.text.I2C_WaitOnRXNEFlagUntilTimeout)
    [Anonymous Symbol]                       0x08003de8   Section        0  stm32f1xx_hal_i2c.o(.text.I2C_WaitOnRXNEFlagUntilTimeout)
    I2C_WaitOnTXEFlagUntilTimeout            0x08003e79   Thumb Code   190  stm32f1xx_hal_i2c.o(.text.I2C_WaitOnTXEFlagUntilTimeout)
    [Anonymous Symbol]                       0x08003e78   Section        0  stm32f1xx_hal_i2c.o(.text.I2C_WaitOnTXEFlagUntilTimeout)
    [Anonymous Symbol]                       0x08003f38   Section        0  stm32f1xx_it.o(.text.MemManage_Handler)
    [Anonymous Symbol]                       0x08003f3c   Section        0  stm32f1xx_it.o(.text.NMI_Handler)
    [Anonymous Symbol]                       0x08003f40   Section        0  stm32f1xx_it.o(.text.PendSV_Handler)
    [Anonymous Symbol]                       0x08003f44   Section        0  stm32f1xx_it.o(.text.SVC_Handler)
    [Anonymous Symbol]                       0x08003f48   Section        0  stm32f1xx_it.o(.text.SysTick_Handler)
    [Anonymous Symbol]                       0x08003f4c   Section        0  system_stm32f1xx.o(.text.SystemInit)
    UART_DMAAbortOnError                     0x08003f51   Thumb Code    12  stm32f1xx_hal_uart.o(.text.UART_DMAAbortOnError)
    [Anonymous Symbol]                       0x08003f50   Section        0  stm32f1xx_hal_uart.o(.text.UART_DMAAbortOnError)
    UART_Receive_IT                          0x08003f5d   Thumb Code   254  stm32f1xx_hal_uart.o(.text.UART_Receive_IT)
    [Anonymous Symbol]                       0x08003f5c   Section        0  stm32f1xx_hal_uart.o(.text.UART_Receive_IT)
    [Anonymous Symbol]                       0x0800405c   Section        0  stm32f1xx_it.o(.text.USART1_IRQHandler)
    [Anonymous Symbol]                       0x08004068   Section        0  stm32f1xx_it.o(.text.UsageFault_Handler)
    [Anonymous Symbol]                       0x0800406c   Section        0  main.o(.text.adjust_time)
    [Anonymous Symbol]                       0x0800432c   Section        0  main.o(.text.btn_press_short_callback)
    [Anonymous Symbol]                       0x080043cc   Section        0  main.o(.text.btn_press_timeout_callback)
    [Anonymous Symbol]                       0x08004444   Section        0  main.o(.text.btn_pressing_callback)
    [Anonymous Symbol]                       0x08004484   Section        0  button.o(.text.btn_release_callback)
    [Anonymous Symbol]                       0x08004488   Section        0  button.o(.text.button_handle)
    [Anonymous Symbol]                       0x0800452c   Section        0  button.o(.text.button_init)
    [Anonymous Symbol]                       0x0800453c   Section        0  ds3231.o(.text.ds3231_read_ram)
    [Anonymous Symbol]                       0x08004574   Section        0  ds3231.o(.text.ds3231_write_ram)
    [Anonymous Symbol]                       0x080045a8   Section        0  liquidcrystal_i2c.o(.text.lcd_clear_display)
    [Anonymous Symbol]                       0x080045ec   Section        0  liquidcrystal_i2c.o(.text.lcd_init)
    [Anonymous Symbol]                       0x08004774   Section        0  liquidcrystal_i2c.o(.text.lcd_printf)
    [Anonymous Symbol]                       0x080047f8   Section        0  liquidcrystal_i2c.o(.text.lcd_set_cursor)
    [Anonymous Symbol]                       0x08004850   Section        0  main.o(.text.main)
    [Anonymous Symbol]                       0x08004c28   Section        0  main.o(.text.parse_bluetooth_cmd)
    [Anonymous Symbol]                       0x08004d0c   Section        0  ds3231.o(.text.rtc_read_day_of_week)
    [Anonymous Symbol]                       0x08004d88   Section        0  ds3231.o(.text.rtc_read_time)
    [Anonymous Symbol]                       0x08004e4c   Section        0  ds3231.o(.text.rtc_write_time)
    [Anonymous Symbol]                       0x08004f30   Section        0  main.o(.text.setting_blink)
    CL$$btod_d2e                             0x08005052   Section       62  btod.o(CL$$btod_d2e)
    CL$$btod_d2e_denorm_low                  0x08005090   Section       70  btod.o(CL$$btod_d2e_denorm_low)
    CL$$btod_d2e_norm_op1                    0x080050d6   Section       96  btod.o(CL$$btod_d2e_norm_op1)
    CL$$btod_div_common                      0x08005138   Section      824  btod.o(CL$$btod_div_common)
    CL$$btod_e2e                             0x08005470   Section      220  btod.o(CL$$btod_e2e)
    CL$$btod_ediv                            0x0800554c   Section       42  btod.o(CL$$btod_ediv)
    CL$$btod_emul                            0x08005576   Section       42  btod.o(CL$$btod_emul)
    CL$$btod_mult_common                     0x080055a0   Section      580  btod.o(CL$$btod_mult_common)
    i.__ARM_fpclassify                       0x080057e4   Section        0  fpclassify.o(i.__ARM_fpclassify)
    i._is_digit                              0x0800580c   Section        0  __printf_wp.o(i._is_digit)
    locale$$code                             0x0800581c   Section       44  lc_numeric_c.o(locale$$code)
    locale$$code                             0x08005848   Section       44  lc_ctype_c.o(locale$$code)
    x$fpl$printf1                            0x08005874   Section        4  printf1.o(x$fpl$printf1)
    x$fpl$printf2                            0x08005878   Section        4  printf2.o(x$fpl$printf2)
    maptable                                 0x0800587c   Data          17  __printf_flags_ss_wp.o(.constdata)
    .constdata                               0x0800587c   Section       17  __printf_flags_ss_wp.o(.constdata)
    x$fpl$usenofp                            0x0800587c   Section        0  usenofp.o(x$fpl$usenofp)
    initial_mbstate                          0x08005890   Data           8  _printf_wctomb.o(.constdata)
    .constdata                               0x08005890   Section        8  _printf_wctomb.o(.constdata)
    uc_hextab                                0x08005898   Data          20  _printf_hex_int_ll_ptr.o(.constdata)
    .constdata                               0x08005898   Section       40  _printf_hex_int_ll_ptr.o(.constdata)
    lc_hextab                                0x080058ac   Data          20  _printf_hex_int_ll_ptr.o(.constdata)
    lc_hextab                                0x080058c0   Data          19  _printf_fp_hex.o(.constdata)
    .constdata                               0x080058c0   Section       38  _printf_fp_hex.o(.constdata)
    uc_hextab                                0x080058d3   Data          19  _printf_fp_hex.o(.constdata)
    tenpwrs_x                                0x080058e8   Data          60  bigflt0.o(.constdata)
    .constdata                               0x080058e8   Section      148  bigflt0.o(.constdata)
    tenpwrs_i                                0x08005924   Data          64  bigflt0.o(.constdata)
    HAL_RCC_GetSysClockFreq.aPredivFactorTable 0x08005994   Data           2  stm32f1xx_hal_rcc.o(.rodata.HAL_RCC_GetSysClockFreq.aPredivFactorTable)
    [Anonymous Symbol]                       0x08005994   Section        0  stm32f1xx_hal_rcc.o(.rodata.HAL_RCC_GetSysClockFreq.aPredivFactorTable)
    HAL_RCC_GetSysClockFreq.aPLLMULFactorTable 0x080059ab   Data          16  stm32f1xx_hal_rcc.o(.rodata.cst16)
    [Anonymous Symbol]                       0x080059ab   Section        0  stm32f1xx_hal_rcc.o(.rodata.cst16)
    .Lswitch.table.main                      0x080059bb   Data           6  main.o(.rodata.str1.1)
    [Anonymous Symbol]                       0x080059bb   Section        0  main.o(.rodata.str1.1)
    .L.str.1                                 0x080059c1   Data          20  main.o(.rodata.str1.1)
    .L.str                                   0x080059d5   Data          15  main.o(.rodata.str1.1)
    .L.str.8                                 0x080059da   Data          10  main.o(.rodata.str1.1)
    .L.str.7                                 0x080059e4   Data           3  main.o(.rodata.str1.1)
    locale$$data                             0x08005a08   Section       28  lc_numeric_c.o(locale$$data)
    __lcnum_c_name                           0x08005a0c   Data           2  lc_numeric_c.o(locale$$data)
    __lcnum_c_start                          0x08005a14   Data           0  lc_numeric_c.o(locale$$data)
    __lcnum_c_point                          0x08005a20   Data           0  lc_numeric_c.o(locale$$data)
    __lcnum_c_thousands                      0x08005a22   Data           0  lc_numeric_c.o(locale$$data)
    __lcnum_c_grouping                       0x08005a23   Data           0  lc_numeric_c.o(locale$$data)
    __lcnum_c_end                            0x08005a24   Data           0  lc_numeric_c.o(locale$$data)
    locale$$data                             0x08005a24   Section      272  lc_ctype_c.o(locale$$data)
    __lcctype_c_name                         0x08005a28   Data           2  lc_ctype_c.o(locale$$data)
    __lcctype_c_start                        0x08005a30   Data           0  lc_ctype_c.o(locale$$data)
    __lcctype_c_end                          0x08005b34   Data           0  lc_ctype_c.o(locale$$data)
    .L_MergedGlobals                         0x20000000   Data           8  stm32f1xx_hal.o(.data..L_MergedGlobals)
    [Anonymous Symbol]                       0x20000000   Section        0  stm32f1xx_hal.o(.data..L_MergedGlobals)
    alarm_screen.is_show                     0x2000000c   Data           1  main.o(.data.alarm_screen.is_show)
    [Anonymous Symbol]                       0x2000000c   Section        0  main.o(.data.alarm_screen.is_show)
    setting_blink.is_show                    0x2000000d   Data           1  main.o(.data.setting_blink.is_show)
    [Anonymous Symbol]                       0x2000000d   Section        0  main.o(.data.setting_blink.is_show)
    .bss                                     0x20000010   Section       96  libspace.o(.bss)
    .L_MergedGlobals                         0x20000070   Data         104  main.o(.bss..L_MergedGlobals)
    [Anonymous Symbol]                       0x20000070   Section        0  main.o(.bss..L_MergedGlobals)
    btn_press_short_callback.state_setting   0x20000077   Data           1  main.o(.bss..L_MergedGlobals)
    btn_press_short_callback.state_alarm     0x20000078   Data           1  main.o(.bss..L_MergedGlobals)
    time_update.t_update                     0x20000088   Data           4  main.o(.bss..L_MergedGlobals)
    setting_blink.t_blink                    0x2000008c   Data           4  main.o(.bss..L_MergedGlobals)
    alarm_screen.t_blink                     0x20000090   Data           4  main.o(.bss..L_MergedGlobals)
    .L_MergedGlobals.9                       0x200000d8   Data          56  main.o(.bss..L_MergedGlobals.9)
    [Anonymous Symbol]                       0x200000d8   Section        0  main.o(.bss..L_MergedGlobals.9)
    ds_i2c1                                  0x20000110   Data           4  ds3231.o(.bss.ds_i2c1)
    [Anonymous Symbol]                       0x20000110   Section        0  ds3231.o(.bss.ds_i2c1)
    Heap_Mem                                 0x200001b8   Data         512  startup_stm32f103xb.o(HEAP)
    HEAP                                     0x200001b8   Section      512  startup_stm32f103xb.o(HEAP)
    Stack_Mem                                0x200003b8   Data        1024  startup_stm32f103xb.o(STACK)
    STACK                                    0x200003b8   Section     1024  startup_stm32f103xb.o(STACK)
    __initial_sp                             0x200007b8   Data           0  startup_stm32f103xb.o(STACK)

    Global Symbols

    Symbol Name                              Value     Ov Type        Size  Object(Section)

    BuildAttributes$$THM_ISAv4$P$D$K$B$S$PE$A:L22UL41UL21$X:L11$S22US41US21$IEEE1$IW$~IW$USESV6$~STKCKD$USESV7$~SHL$OTIME$ROPI$IEEEJ$EBA8$UX$STANDARDLIB$REQ8$PRES8$EABIv2 0x00000000   Number         0  anon$$obj.o ABSOLUTE
    __fp_init_empty                          0x00000000   Number         0  fpinit_empty.o ABSOLUTE
    _printf_flags                            0x00000000   Number         0  printf_stubs.o ABSOLUTE
    _printf_return_value                     0x00000000   Number         0  printf_stubs.o ABSOLUTE
    _printf_sizespec                         0x00000000   Number         0  printf_stubs.o ABSOLUTE
    _printf_widthprec                        0x00000000   Number         0  printf_stubs.o ABSOLUTE
    __ARM_exceptions_init                     - Undefined Weak Reference
    __alloca_initialize                       - Undefined Weak Reference
    __arm_preinit_                            - Undefined Weak Reference
    __arm_relocate_pie_                       - Undefined Weak Reference
    __cpp_initialize__aeabi_                  - Undefined Weak Reference
    __cxa_finalize                            - Undefined Weak Reference
    __sigvec_lookup                           - Undefined Weak Reference
    _atexit_init                              - Undefined Weak Reference
    _call_atexit_fns                          - Undefined Weak Reference
    _clock_init                               - Undefined Weak Reference
    _fp_trap_init                             - Undefined Weak Reference
    _fp_trap_shutdown                         - Undefined Weak Reference
    _get_lc_collate                           - Undefined Weak Reference
    _get_lc_monetary                          - Undefined Weak Reference
    _get_lc_time                              - Undefined Weak Reference
    _getenv_init                              - Undefined Weak Reference
    _handle_redirection                       - Undefined Weak Reference
    _init_alloc                               - Undefined Weak Reference
    _init_user_alloc                          - Undefined Weak Reference
    _initio                                   - Undefined Weak Reference
    _printf_mbtowc                            - Undefined Weak Reference
    _printf_wc                                - Undefined Weak Reference
    _rand_init                                - Undefined Weak Reference
    _scanf_longlong                           - Undefined Weak Reference
    _scanf_mbtowc                             - Undefined Weak Reference
    _scanf_real                               - Undefined Weak Reference
    _scanf_string                             - Undefined Weak Reference
    _scanf_wctomb                             - Undefined Weak Reference
    _scanf_wstring                            - Undefined Weak Reference
    _signal_finish                            - Undefined Weak Reference
    _signal_init                              - Undefined Weak Reference
    _terminate_alloc                          - Undefined Weak Reference
    _terminate_user_alloc                     - Undefined Weak Reference
    _terminateio                              - Undefined Weak Reference
    __Vectors_Size                           0x000000ec   Number         0  startup_stm32f103xb.o ABSOLUTE
    __Vectors                                0x08000000   Data           4  startup_stm32f103xb.o(RESET)
    __Vectors_End                            0x080000ec   Data           0  startup_stm32f103xb.o(RESET)
    __main                                   0x080000ed   Thumb Code     8  __main.o(!!!main)
    __scatterload                            0x080000f5   Thumb Code     0  __scatter.o(!!!scatter)
    __scatterload_rt2                        0x080000f5   Thumb Code    44  __scatter.o(!!!scatter)
    __scatterload_rt2_thumb_only             0x080000f5   Thumb Code     0  __scatter.o(!!!scatter)
    __scatterload_null                       0x08000103   Thumb Code     0  __scatter.o(!!!scatter)
    __scatterload_copy                       0x08000129   Thumb Code    26  __scatter_copy.o(!!handler_copy)
    __scatterload_zeroinit                   0x08000145   Thumb Code    28  __scatter_zi.o(!!handler_zi)
    _printf_n                                0x08000161   Thumb Code     0  _printf_n.o(.ARM.Collect$$_printf_percent$$00000001)
    _printf_percent                          0x08000161   Thumb Code     0  _printf_percent.o(.ARM.Collect$$_printf_percent$$00000000)
    _printf_p                                0x08000167   Thumb Code     0  _printf_p.o(.ARM.Collect$$_printf_percent$$00000002)
    _printf_f                                0x0800016d   Thumb Code     0  _printf_f.o(.ARM.Collect$$_printf_percent$$00000003)
    _printf_e                                0x08000173   Thumb Code     0  _printf_e.o(.ARM.Collect$$_printf_percent$$00000004)
    _printf_g                                0x08000179   Thumb Code     0  _printf_g.o(.ARM.Collect$$_printf_percent$$00000005)
    _printf_a                                0x0800017f   Thumb Code     0  _printf_a.o(.ARM.Collect$$_printf_percent$$00000006)
    _printf_ll                               0x08000185   Thumb Code     0  _printf_ll.o(.ARM.Collect$$_printf_percent$$00000007)
    _printf_i                                0x0800018f   Thumb Code     0  _printf_i.o(.ARM.Collect$$_printf_percent$$00000008)
    _printf_d                                0x08000195   Thumb Code     0  _printf_d.o(.ARM.Collect$$_printf_percent$$00000009)
    _printf_u                                0x0800019b   Thumb Code     0  _printf_u.o(.ARM.Collect$$_printf_percent$$0000000A)
    _printf_o                                0x080001a1   Thumb Code     0  _printf_o.o(.ARM.Collect$$_printf_percent$$0000000B)
    _printf_x                                0x080001a7   Thumb Code     0  _printf_x.o(.ARM.Collect$$_printf_percent$$0000000C)
    _printf_lli                              0x080001ad   Thumb Code     0  _printf_lli.o(.ARM.Collect$$_printf_percent$$0000000D)
    _printf_lld                              0x080001b3   Thumb Code     0  _printf_lld.o(.ARM.Collect$$_printf_percent$$0000000E)
    _printf_llu                              0x080001b9   Thumb Code     0  _printf_llu.o(.ARM.Collect$$_printf_percent$$0000000F)
    _printf_llo                              0x080001bf   Thumb Code     0  _printf_llo.o(.ARM.Collect$$_printf_percent$$00000010)
    _printf_llx                              0x080001c5   Thumb Code     0  _printf_llx.o(.ARM.Collect$$_printf_percent$$00000011)
    _printf_l                                0x080001cb   Thumb Code     0  _printf_l.o(.ARM.Collect$$_printf_percent$$00000012)
    _printf_c                                0x080001d5   Thumb Code     0  _printf_c.o(.ARM.Collect$$_printf_percent$$00000013)
    _printf_s                                0x080001db   Thumb Code     0  _printf_s.o(.ARM.Collect$$_printf_percent$$00000014)
    _printf_lc                               0x080001e1   Thumb Code     0  _printf_lc.o(.ARM.Collect$$_printf_percent$$00000015)
    _printf_ls                               0x080001e7   Thumb Code     0  _printf_ls.o(.ARM.Collect$$_printf_percent$$00000016)
    _printf_percent_end                      0x080001ed   Thumb Code     0  _printf_percent_end.o(.ARM.Collect$$_printf_percent$$00000017)
    __rt_lib_init                            0x080001f1   Thumb Code     0  libinit.o(.ARM.Collect$$libinit$$00000000)
    __rt_lib_init_fp_1                       0x080001f3   Thumb Code     0  libinit2.o(.ARM.Collect$$libinit$$00000002)
    __rt_lib_init_heap_1                     0x080001f3   Thumb Code     0  libinit2.o(.ARM.Collect$$libinit$$0000000C)
    __rt_lib_init_lc_common                  0x080001f3   Thumb Code     0  libinit2.o(.ARM.Collect$$libinit$$00000011)
    __rt_lib_init_preinit_1                  0x080001f3   Thumb Code     0  libinit2.o(.ARM.Collect$$libinit$$00000006)
    __rt_lib_init_rand_1                     0x080001f3   Thumb Code     0  libinit2.o(.ARM.Collect$$libinit$$00000010)
    __rt_lib_init_relocate_pie_1             0x080001f3   Thumb Code     0  libinit2.o(.ARM.Collect$$libinit$$00000004)
    __rt_lib_init_user_alloc_1               0x080001f3   Thumb Code     0  libinit2.o(.ARM.Collect$$libinit$$0000000E)
    __rt_lib_init_lc_collate_1               0x080001f9   Thumb Code     0  libinit2.o(.ARM.Collect$$libinit$$00000013)
    __rt_lib_init_lc_ctype_2                 0x080001f9   Thumb Code     0  libinit2.o(.ARM.Collect$$libinit$$00000014)
    __rt_lib_init_lc_ctype_1                 0x08000205   Thumb Code     0  libinit2.o(.ARM.Collect$$libinit$$00000015)
    __rt_lib_init_lc_monetary_1              0x08000205   Thumb Code     0  libinit2.o(.ARM.Collect$$libinit$$00000017)
    __rt_lib_init_lc_numeric_2               0x08000205   Thumb Code     0  libinit2.o(.ARM.Collect$$libinit$$00000018)
    __rt_lib_init_alloca_1                   0x0800020f   Thumb Code     0  libinit2.o(.ARM.Collect$$libinit$$00000030)
    __rt_lib_init_argv_1                     0x0800020f   Thumb Code     0  libinit2.o(.ARM.Collect$$libinit$$0000002E)
    __rt_lib_init_atexit_1                   0x0800020f   Thumb Code     0  libinit2.o(.ARM.Collect$$libinit$$0000001D)
    __rt_lib_init_clock_1                    0x0800020f   Thumb Code     0  libinit2.o(.ARM.Collect$$libinit$$00000023)
    __rt_lib_init_cpp_1                      0x0800020f   Thumb Code     0  libinit2.o(.ARM.Collect$$libinit$$00000034)
    __rt_lib_init_exceptions_1               0x0800020f   Thumb Code     0  libinit2.o(.ARM.Collect$$libinit$$00000032)
    __rt_lib_init_fp_trap_1                  0x0800020f   Thumb Code     0  libinit2.o(.ARM.Collect$$libinit$$00000021)
    __rt_lib_init_getenv_1                   0x0800020f   Thumb Code     0  libinit2.o(.ARM.Collect$$libinit$$00000025)
    __rt_lib_init_lc_numeric_1               0x0800020f   Thumb Code     0  libinit2.o(.ARM.Collect$$libinit$$00000019)
    __rt_lib_init_lc_time_1                  0x0800020f   Thumb Code     0  libinit2.o(.ARM.Collect$$libinit$$0000001B)
    __rt_lib_init_return                     0x0800020f   Thumb Code     0  libinit2.o(.ARM.Collect$$libinit$$00000035)
    __rt_lib_init_signal_1                   0x0800020f   Thumb Code     0  libinit2.o(.ARM.Collect$$libinit$$0000001F)
    __rt_lib_init_stdio_1                    0x0800020f   Thumb Code     0  libinit2.o(.ARM.Collect$$libinit$$00000027)
    __rt_lib_shutdown                        0x08000211   Thumb Code     0  libshutdown.o(.ARM.Collect$$libshutdown$$00000000)
    __rt_lib_shutdown_cpp_1                  0x08000213   Thumb Code     0  libshutdown2.o(.ARM.Collect$$libshutdown$$00000002)
    __rt_lib_shutdown_fp_trap_1              0x08000213   Thumb Code     0  libshutdown2.o(.ARM.Collect$$libshutdown$$00000007)
    __rt_lib_shutdown_heap_1                 0x08000213   Thumb Code     0  libshutdown2.o(.ARM.Collect$$libshutdown$$0000000F)
    __rt_lib_shutdown_return                 0x08000213   Thumb Code     0  libshutdown2.o(.ARM.Collect$$libshutdown$$00000010)
    __rt_lib_shutdown_signal_1               0x08000213   Thumb Code     0  libshutdown2.o(.ARM.Collect$$libshutdown$$0000000A)
    __rt_lib_shutdown_stdio_1                0x08000213   Thumb Code     0  libshutdown2.o(.ARM.Collect$$libshutdown$$00000004)
    __rt_lib_shutdown_user_alloc_1           0x08000213   Thumb Code     0  libshutdown2.o(.ARM.Collect$$libshutdown$$0000000C)
    __rt_entry                               0x08000215   Thumb Code     0  __rtentry.o(.ARM.Collect$$rtentry$$00000000)
    __rt_entry_presh_1                       0x08000215   Thumb Code     0  __rtentry2.o(.ARM.Collect$$rtentry$$00000002)
    __rt_entry_sh                            0x08000215   Thumb Code     0  __rtentry4.o(.ARM.Collect$$rtentry$$00000004)
    __rt_entry_li                            0x0800021b   Thumb Code     0  __rtentry2.o(.ARM.Collect$$rtentry$$0000000A)
    __rt_entry_postsh_1                      0x0800021b   Thumb Code     0  __rtentry2.o(.ARM.Collect$$rtentry$$00000009)
    __rt_entry_main                          0x0800021f   Thumb Code     0  __rtentry2.o(.ARM.Collect$$rtentry$$0000000D)
    __rt_entry_postli_1                      0x0800021f   Thumb Code     0  __rtentry2.o(.ARM.Collect$$rtentry$$0000000C)
    __rt_exit                                0x08000227   Thumb Code     0  rtexit.o(.ARM.Collect$$rtexit$$00000000)
    __rt_exit_ls                             0x08000229   Thumb Code     0  rtexit2.o(.ARM.Collect$$rtexit$$00000003)
    __rt_exit_prels_1                        0x08000229   Thumb Code     0  rtexit2.o(.ARM.Collect$$rtexit$$00000002)
    __rt_exit_exit                           0x0800022d   Thumb Code     0  rtexit2.o(.ARM.Collect$$rtexit$$00000004)
    Reset_Handler                            0x08000235   Thumb Code     8  startup_stm32f103xb.o(.text)
    ADC1_2_IRQHandler                        0x0800024f   Thumb Code     0  startup_stm32f103xb.o(.text)
    CAN1_RX1_IRQHandler                      0x0800024f   Thumb Code     0  startup_stm32f103xb.o(.text)
    CAN1_SCE_IRQHandler                      0x0800024f   Thumb Code     0  startup_stm32f103xb.o(.text)
    DMA1_Channel1_IRQHandler                 0x0800024f   Thumb Code     0  startup_stm32f103xb.o(.text)
    DMA1_Channel2_IRQHandler                 0x0800024f   Thumb Code     0  startup_stm32f103xb.o(.text)
    DMA1_Channel3_IRQHandler                 0x0800024f   Thumb Code     0  startup_stm32f103xb.o(.text)
    DMA1_Channel4_IRQHandler                 0x0800024f   Thumb Code     0  startup_stm32f103xb.o(.text)
    DMA1_Channel5_IRQHandler                 0x0800024f   Thumb Code     0  startup_stm32f103xb.o(.text)
    DMA1_Channel6_IRQHandler                 0x0800024f   Thumb Code     0  startup_stm32f103xb.o(.text)
    DMA1_Channel7_IRQHandler                 0x0800024f   Thumb Code     0  startup_stm32f103xb.o(.text)
    EXTI0_IRQHandler                         0x0800024f   Thumb Code     0  startup_stm32f103xb.o(.text)
    EXTI15_10_IRQHandler                     0x0800024f   Thumb Code     0  startup_stm32f103xb.o(.text)
    EXTI1_IRQHandler                         0x0800024f   Thumb Code     0  startup_stm32f103xb.o(.text)
    EXTI2_IRQHandler                         0x0800024f   Thumb Code     0  startup_stm32f103xb.o(.text)
    EXTI3_IRQHandler                         0x0800024f   Thumb Code     0  startup_stm32f103xb.o(.text)
    EXTI4_IRQHandler                         0x0800024f   Thumb Code     0  startup_stm32f103xb.o(.text)
    EXTI9_5_IRQHandler                       0x0800024f   Thumb Code     0  startup_stm32f103xb.o(.text)
    FLASH_IRQHandler                         0x0800024f   Thumb Code     0  startup_stm32f103xb.o(.text)
    I2C1_ER_IRQHandler                       0x0800024f   Thumb Code     0  startup_stm32f103xb.o(.text)
    I2C1_EV_IRQHandler                       0x0800024f   Thumb Code     0  startup_stm32f103xb.o(.text)
    I2C2_ER_IRQHandler                       0x0800024f   Thumb Code     0  startup_stm32f103xb.o(.text)
    I2C2_EV_IRQHandler                       0x0800024f   Thumb Code     0  startup_stm32f103xb.o(.text)
    PVD_IRQHandler                           0x0800024f   Thumb Code     0  startup_stm32f103xb.o(.text)
    RCC_IRQHandler                           0x0800024f   Thumb Code     0  startup_stm32f103xb.o(.text)
    RTC_Alarm_IRQHandler                     0x0800024f   Thumb Code     0  startup_stm32f103xb.o(.text)
    RTC_IRQHandler                           0x0800024f   Thumb Code     0  startup_stm32f103xb.o(.text)
    SPI1_IRQHandler                          0x0800024f   Thumb Code     0  startup_stm32f103xb.o(.text)
    SPI2_IRQHandler                          0x0800024f   Thumb Code     0  startup_stm32f103xb.o(.text)
    TAMPER_IRQHandler                        0x0800024f   Thumb Code     0  startup_stm32f103xb.o(.text)
    TIM1_BRK_IRQHandler                      0x0800024f   Thumb Code     0  startup_stm32f103xb.o(.text)
    TIM1_CC_IRQHandler                       0x0800024f   Thumb Code     0  startup_stm32f103xb.o(.text)
    TIM1_TRG_COM_IRQHandler                  0x0800024f   Thumb Code     0  startup_stm32f103xb.o(.text)
    TIM1_UP_IRQHandler                       0x0800024f   Thumb Code     0  startup_stm32f103xb.o(.text)
    TIM2_IRQHandler                          0x0800024f   Thumb Code     0  startup_stm32f103xb.o(.text)
    TIM3_IRQHandler                          0x0800024f   Thumb Code     0  startup_stm32f103xb.o(.text)
    TIM4_IRQHandler                          0x0800024f   Thumb Code     0  startup_stm32f103xb.o(.text)
    USART2_IRQHandler                        0x0800024f   Thumb Code     0  startup_stm32f103xb.o(.text)
    USART3_IRQHandler                        0x0800024f   Thumb Code     0  startup_stm32f103xb.o(.text)
    USBWakeUp_IRQHandler                     0x0800024f   Thumb Code     0  startup_stm32f103xb.o(.text)
    USB_HP_CAN1_TX_IRQHandler                0x0800024f   Thumb Code     0  startup_stm32f103xb.o(.text)
    USB_LP_CAN1_RX0_IRQHandler               0x0800024f   Thumb Code     0  startup_stm32f103xb.o(.text)
    WWDG_IRQHandler                          0x0800024f   Thumb Code     0  startup_stm32f103xb.o(.text)
    __user_initial_stackheap                 0x08000251   Thumb Code     0  startup_stm32f103xb.o(.text)
    vsprintf                                 0x08000275   Thumb Code    32  vsprintf.o(.text)
    __2sprintf                               0x08000299   Thumb Code    38  __2sprintf.o(.text)
    _printf_pre_padding                      0x080002c5   Thumb Code    44  _printf_pad.o(.text)
    _printf_post_padding                     0x080002f1   Thumb Code    34  _printf_pad.o(.text)
    _printf_str                              0x08000313   Thumb Code    82  _printf_str.o(.text)
    _printf_int_dec                          0x08000365   Thumb Code   104  _printf_dec.o(.text)
    __printf                                 0x080003dd   Thumb Code   388  __printf_flags_ss_wp.o(.text)
    __0sscanf                                0x08000565   Thumb Code    52  __0sscanf.o(.text)
    _scanf_int                               0x080005a1   Thumb Code   332  _scanf_int.o(.text)
    strncmp                                  0x080006ed   Thumb Code   150  strncmp.o(.text)
    __use_two_region_memory                  0x08000783   Thumb Code     2  heapauxi.o(.text)
    __rt_heap_escrow$2region                 0x08000785   Thumb Code     2  heapauxi.o(.text)
    __rt_heap_expand$2region                 0x08000787   Thumb Code     2  heapauxi.o(.text)
    _printf_truncate_signed                  0x08000789   Thumb Code    18  _printf_truncate.o(.text)
    _printf_truncate_unsigned                0x0800079b   Thumb Code    18  _printf_truncate.o(.text)
    _printf_int_common                       0x080007ad   Thumb Code   178  _printf_intcommon.o(.text)
    _printf_charcount                        0x0800085f   Thumb Code    40  _printf_charcount.o(.text)
    _printf_char_common                      0x08000893   Thumb Code    32  _printf_char_common.o(.text)
    _sputc                                   0x080008b9   Thumb Code    10  _sputc.o(.text)
    _printf_cs_common                        0x080008c3   Thumb Code    20  _printf_char.o(.text)
    _printf_char                             0x080008d7   Thumb Code    16  _printf_char.o(.text)
    _printf_string                           0x080008e7   Thumb Code     8  _printf_char.o(.text)
    _printf_wctomb                           0x080008f1   Thumb Code   182  _printf_wctomb.o(.text)
    _printf_longlong_dec                     0x080009ad   Thumb Code   108  _printf_longlong_dec.o(.text)
    _printf_longlong_oct                     0x08000a29   Thumb Code    68  _printf_oct_int_ll.o(.text)
    _printf_int_oct                          0x08000a6d   Thumb Code    24  _printf_oct_int_ll.o(.text)
    _printf_ll_oct                           0x08000a85   Thumb Code    12  _printf_oct_int_ll.o(.text)
    _printf_longlong_hex                     0x08000a99   Thumb Code    86  _printf_hex_int_ll_ptr.o(.text)
    _printf_int_hex                          0x08000aef   Thumb Code    28  _printf_hex_int_ll_ptr.o(.text)
    _printf_ll_hex                           0x08000b0b   Thumb Code    12  _printf_hex_int_ll_ptr.o(.text)
    _printf_hex_ptr                          0x08000b17   Thumb Code    18  _printf_hex_int_ll_ptr.o(.text)
    _chval                                   0x08000b2d   Thumb Code    28  _chval.o(.text)
    __vfscanf_char                           0x08000b55   Thumb Code    24  scanf_char.o(.text)
    _sgetc                                   0x08000b75   Thumb Code    30  _sgetc.o(.text)
    _sbackspace                              0x08000b93   Thumb Code    34  _sgetc.o(.text)
    _ll_udiv10                               0x08000bb5   Thumb Code   138  lludiv10.o(.text)
    isspace                                  0x08000c3f   Thumb Code    18  isspace.o(.text)
    _printf_fp_dec_real                      0x08000e01   Thumb Code   620  _printf_fp_dec.o(.text)
    _printf_fp_hex_real                      0x0800106d   Thumb Code   756  _printf_fp_hex.o(.text)
    _printf_lcs_common                       0x08001369   Thumb Code    20  _printf_wchar.o(.text)
    _printf_wchar                            0x0800137d   Thumb Code    16  _printf_wchar.o(.text)
    _printf_wstring                          0x0800138d   Thumb Code     8  _printf_wchar.o(.text)
    __vfscanf                                0x08001395   Thumb Code   878  _scanf.o(.text)
    _c16rtomb                                0x08001709   Thumb Code    72  _c16rtomb.o(.text)
    _wcrtomb                                 0x08001709   Thumb Code     0  _c16rtomb.o(.text)
    __user_setup_stackheap                   0x08001751   Thumb Code    74  sys_stackheap_outer.o(.text)
    __rt_ctype_table                         0x0800179d   Thumb Code    16  rt_ctype_table.o(.text)
    __rt_locale                              0x080017ad   Thumb Code     8  rt_locale_intlibspace.o(.text)
    _printf_fp_infnan                        0x080017b5   Thumb Code   112  _printf_fp_infnan.o(.text)
    _btod_etento                             0x08001835   Thumb Code   224  bigflt0.o(.text)
    exit                                     0x08001919   Thumb Code    18  exit.o(.text)
    __user_libspace                          0x0800192d   Thumb Code     8  libspace.o(.text)
    __user_perproc_libspace                  0x0800192d   Thumb Code     0  libspace.o(.text)
    __user_perthread_libspace                0x0800192d   Thumb Code     0  libspace.o(.text)
    strcmp                                   0x08001935   Thumb Code   128  strcmpv7m.o(.text)
    _sys_exit                                0x080019b5   Thumb Code     8  sys_exit.o(.text)
    __I$use$semihosting                      0x080019c1   Thumb Code     0  use_no_semi.o(.text)
    __use_no_semihosting_swi                 0x080019c1   Thumb Code     2  use_no_semi.o(.text)
    __semihosting_library_function           0x080019c3   Thumb Code     0  indicate_semi.o(.text)
    BusFault_Handler                         0x080019c5   Thumb Code     2  stm32f1xx_it.o(.text.BusFault_Handler)
    DS3231_Init                              0x080019c9   Thumb Code    12  ds3231.o(.text.DS3231_Init)
    DebugMon_Handler                         0x080019d5   Thumb Code     2  stm32f1xx_it.o(.text.DebugMon_Handler)
    HAL_DMA_Abort                            0x080019d9   Thumb Code    70  stm32f1xx_hal_dma.o(.text.HAL_DMA_Abort)
    HAL_DMA_Abort_IT                         0x08001a21   Thumb Code   178  stm32f1xx_hal_dma.o(.text.HAL_DMA_Abort_IT)
    HAL_Delay                                0x08001ad5   Thumb Code    40  stm32f1xx_hal.o(.text.HAL_Delay)
    HAL_GPIO_Init                            0x08001afd   Thumb Code   538  stm32f1xx_hal_gpio.o(.text.HAL_GPIO_Init)
    HAL_GPIO_ReadPin                         0x08001d19   Thumb Code    10  stm32f1xx_hal_gpio.o(.text.HAL_GPIO_ReadPin)
    HAL_GPIO_WritePin                        0x08001d25   Thumb Code    10  stm32f1xx_hal_gpio.o(.text.HAL_GPIO_WritePin)
    HAL_GetTick                              0x08001d31   Thumb Code    12  stm32f1xx_hal.o(.text.HAL_GetTick)
    HAL_I2C_Init                             0x08001d3d   Thumb Code   374  stm32f1xx_hal_i2c.o(.text.HAL_I2C_Init)
    HAL_I2C_Master_Receive                   0x08001eb5   Thumb Code  1020  stm32f1xx_hal_i2c.o(.text.HAL_I2C_Master_Receive)
    HAL_I2C_Master_Transmit                  0x080022b1   Thumb Code   468  stm32f1xx_hal_i2c.o(.text.HAL_I2C_Master_Transmit)
    HAL_I2C_Mem_Read                         0x08002485   Thumb Code   862  stm32f1xx_hal_i2c.o(.text.HAL_I2C_Mem_Read)
    HAL_I2C_Mem_Write                        0x080027e5   Thumb Code   344  stm32f1xx_hal_i2c.o(.text.HAL_I2C_Mem_Write)
    HAL_I2C_MspInit                          0x0800293d   Thumb Code    98  stm32f1xx_hal_msp.o(.text.HAL_I2C_MspInit)
    HAL_IncTick                              0x080029a1   Thumb Code    26  stm32f1xx_hal.o(.text.HAL_IncTick)
    HAL_Init                                 0x080029bd   Thumb Code    38  stm32f1xx_hal.o(.text.HAL_Init)
    HAL_InitTick                             0x080029e5   Thumb Code    72  stm32f1xx_hal.o(.text.HAL_InitTick)
    HAL_MspInit                              0x08002a2d   Thumb Code    66  stm32f1xx_hal_msp.o(.text.HAL_MspInit)
    HAL_NVIC_EnableIRQ                       0x08002a71   Thumb Code    38  stm32f1xx_hal_cortex.o(.text.HAL_NVIC_EnableIRQ)
    HAL_NVIC_SetPriority                     0x08002a99   Thumb Code    86  stm32f1xx_hal_cortex.o(.text.HAL_NVIC_SetPriority)
    HAL_NVIC_SetPriorityGrouping             0x08002af1   Thumb Code    32  stm32f1xx_hal_cortex.o(.text.HAL_NVIC_SetPriorityGrouping)
    HAL_RCC_ClockConfig                      0x08002b11   Thumb Code   446  stm32f1xx_hal_rcc.o(.text.HAL_RCC_ClockConfig)
    HAL_RCC_GetPCLK1Freq                     0x08002cd1   Thumb Code    38  stm32f1xx_hal_rcc.o(.text.HAL_RCC_GetPCLK1Freq)
    HAL_RCC_GetPCLK2Freq                     0x08002cf9   Thumb Code    38  stm32f1xx_hal_rcc.o(.text.HAL_RCC_GetPCLK2Freq)
    HAL_RCC_OscConfig                        0x08002d21   Thumb Code   948  stm32f1xx_hal_rcc.o(.text.HAL_RCC_OscConfig)
    HAL_SYSTICK_Config                       0x080030d5   Thumb Code    44  stm32f1xx_hal_cortex.o(.text.HAL_SYSTICK_Config)
    HAL_UARTEx_RxEventCallback               0x08003101   Thumb Code     2  stm32f1xx_hal_uart.o(.text.HAL_UARTEx_RxEventCallback)
    HAL_UART_ErrorCallback                   0x08003105   Thumb Code     2  stm32f1xx_hal_uart.o(.text.HAL_UART_ErrorCallback)
    HAL_UART_IRQHandler                      0x08003109   Thumb Code  1376  stm32f1xx_hal_uart.o(.text.HAL_UART_IRQHandler)
    HAL_UART_Init                            0x08003669   Thumb Code   226  stm32f1xx_hal_uart.o(.text.HAL_UART_Init)
    HAL_UART_MspInit                         0x0800374d   Thumb Code   138  stm32f1xx_hal_msp.o(.text.HAL_UART_MspInit)
    HAL_UART_Receive_IT                      0x080037d9   Thumb Code    82  stm32f1xx_hal_uart.o(.text.HAL_UART_Receive_IT)
    HAL_UART_RxCpltCallback                  0x0800382d   Thumb Code    96  main.o(.text.HAL_UART_RxCpltCallback)
    HAL_UART_TxCpltCallback                  0x0800388d   Thumb Code     2  stm32f1xx_hal_uart.o(.text.HAL_UART_TxCpltCallback)
    HardFault_Handler                        0x08003891   Thumb Code     2  stm32f1xx_it.o(.text.HardFault_Handler)
    MemManage_Handler                        0x08003f39   Thumb Code     2  stm32f1xx_it.o(.text.MemManage_Handler)
    NMI_Handler                              0x08003f3d   Thumb Code     2  stm32f1xx_it.o(.text.NMI_Handler)
    PendSV_Handler                           0x08003f41   Thumb Code     2  stm32f1xx_it.o(.text.PendSV_Handler)
    SVC_Handler                              0x08003f45   Thumb Code     2  stm32f1xx_it.o(.text.SVC_Handler)
    SysTick_Handler                          0x08003f49   Thumb Code     4  stm32f1xx_it.o(.text.SysTick_Handler)
    SystemInit                               0x08003f4d   Thumb Code     2  system_stm32f1xx.o(.text.SystemInit)
    USART1_IRQHandler                        0x0800405d   Thumb Code    12  stm32f1xx_it.o(.text.USART1_IRQHandler)
    UsageFault_Handler                       0x08004069   Thumb Code     2  stm32f1xx_it.o(.text.UsageFault_Handler)
    adjust_time                              0x0800406d   Thumb Code   704  main.o(.text.adjust_time)
    btn_press_short_callback                 0x0800432d   Thumb Code   158  main.o(.text.btn_press_short_callback)
    btn_press_timeout_callback               0x080043cd   Thumb Code   112  main.o(.text.btn_press_timeout_callback)
    btn_pressing_callback                    0x08004445   Thumb Code    62  main.o(.text.btn_pressing_callback)
    btn_release_callback                     0x08004485   Thumb Code     2  button.o(.text.btn_release_callback)
    button_handle                            0x08004489   Thumb Code   162  button.o(.text.button_handle)
    button_init                              0x0800452d   Thumb Code    16  button.o(.text.button_init)
    ds3231_read_ram                          0x0800453d   Thumb Code    56  ds3231.o(.text.ds3231_read_ram)
    ds3231_write_ram                         0x08004575   Thumb Code    50  ds3231.o(.text.ds3231_write_ram)
    lcd_clear_display                        0x080045a9   Thumb Code    66  liquidcrystal_i2c.o(.text.lcd_clear_display)
    lcd_init                                 0x080045ed   Thumb Code   390  liquidcrystal_i2c.o(.text.lcd_init)
    lcd_printf                               0x08004775   Thumb Code   130  liquidcrystal_i2c.o(.text.lcd_printf)
    lcd_set_cursor                           0x080047f9   Thumb Code    84  liquidcrystal_i2c.o(.text.lcd_set_cursor)
    main                                     0x08004851   Thumb Code   984  main.o(.text.main)
    parse_bluetooth_cmd                      0x08004c29   Thumb Code   164  main.o(.text.parse_bluetooth_cmd)
    rtc_read_day_of_week                     0x08004d0d   Thumb Code   122  ds3231.o(.text.rtc_read_day_of_week)
    rtc_read_time                            0x08004d89   Thumb Code   196  ds3231.o(.text.rtc_read_time)
    rtc_write_time                           0x08004e4d   Thumb Code   228  ds3231.o(.text.rtc_write_time)
    setting_blink                            0x08004f31   Thumb Code   290  main.o(.text.setting_blink)
    _btod_d2e                                0x08005053   Thumb Code    62  btod.o(CL$$btod_d2e)
    _d2e_denorm_low                          0x08005091   Thumb Code    70  btod.o(CL$$btod_d2e_denorm_low)
    _d2e_norm_op1                            0x080050d7   Thumb Code    96  btod.o(CL$$btod_d2e_norm_op1)
    __btod_div_common                        0x08005139   Thumb Code   696  btod.o(CL$$btod_div_common)
    _e2e                                     0x08005471   Thumb Code   220  btod.o(CL$$btod_e2e)
    _btod_ediv                               0x0800554d   Thumb Code    42  btod.o(CL$$btod_ediv)
    _btod_emul                               0x08005577   Thumb Code    42  btod.o(CL$$btod_emul)
    __btod_mult_common                       0x080055a1   Thumb Code   580  btod.o(CL$$btod_mult_common)
    __ARM_fpclassify                         0x080057e5   Thumb Code    40  fpclassify.o(i.__ARM_fpclassify)
    _is_digit                                0x0800580d   Thumb Code    14  __printf_wp.o(i._is_digit)
    _get_lc_numeric                          0x0800581d   Thumb Code    44  lc_numeric_c.o(locale$$code)
    _get_lc_ctype                            0x08005849   Thumb Code    44  lc_ctype_c.o(locale$$code)
    _printf_fp_dec                           0x08005875   Thumb Code     4  printf1.o(x$fpl$printf1)
    _printf_fp_hex                           0x08005879   Thumb Code     4  printf2.o(x$fpl$printf2)
    __I$use$fp                               0x0800587c   Number         0  usenofp.o(x$fpl$usenofp)
    AHBPrescTable                            0x0800597c   Data          16  system_stm32f1xx.o(.rodata.AHBPrescTable)
    APBPrescTable                            0x0800598c   Data           8  system_stm32f1xx.o(.rodata.APBPrescTable)
    arr_day                                  0x08005996   Data          21  main.o(.rodata.arr_day)
    Region$$Table$$Base                      0x080059e8   Number         0  anon$$obj.o(Region$$Table)
    Region$$Table$$Limit                     0x08005a08   Number         0  anon$$obj.o(Region$$Table)
    __ctype                                  0x08005a31   Data           0  lc_ctype_c.o(locale$$data)
    uwTickFreq                               0x20000000   Data           1  stm32f1xx_hal.o(.data..L_MergedGlobals)
    uwTickPrio                               0x20000004   Data           4  stm32f1xx_hal.o(.data..L_MergedGlobals)
    SystemCoreClock                          0x20000008   Data           4  system_stm32f1xx.o(.data.SystemCoreClock)
    __libspace_start                         0x20000010   Data          96  libspace.o(.bss)
    __temporary_stack_top$libspace           0x20000070   Data           0  libspace.o(.bss)
    alarm_active                             0x20000070   Data           1  main.o(.bss..L_MergedGlobals)
    bt_rx_index                              0x20000071   Data           1  main.o(.bss..L_MergedGlobals)
    clock_state                              0x20000072   Data           1  main.o(.bss..L_MergedGlobals)
    setting_mode                             0x20000073   Data           1  main.o(.bss..L_MergedGlobals)
    hour_alarm                               0x20000074   Data           1  main.o(.bss..L_MergedGlobals)
    min_alarm                                0x20000075   Data           1  main.o(.bss..L_MergedGlobals)
    bt_rx_data                               0x20000076   Data           1  main.o(.bss..L_MergedGlobals)
    setting_state_tick                       0x2000007c   Data           4  main.o(.bss..L_MergedGlobals)
    last_auto_switch                         0x20000080   Data           4  main.o(.bss..L_MergedGlobals)
    alarm_start_tick                         0x20000084   Data           4  main.o(.bss..L_MergedGlobals)
    date_time                                0x20000094   Data           7  main.o(.bss..L_MergedGlobals)
    lcd                                      0x2000009c   Data          12  main.o(.bss..L_MergedGlobals)
    btn_UP                                   0x200000a8   Data          24  main.o(.bss..L_MergedGlobals)
    btn_DOWN                                 0x200000c0   Data          24  main.o(.bss..L_MergedGlobals)
    btn_OK                                   0x200000d8   Data          24  main.o(.bss..L_MergedGlobals.9)
    bt_rx_buffer                             0x200000f0   Data          32  main.o(.bss..L_MergedGlobals.9)
    hi2c1                                    0x20000114   Data          84  main.o(.bss.hi2c1)
    huart1                                   0x20000168   Data          72  main.o(.bss.huart1)
    uwTick                                   0x200001b0   Data           4  stm32f1xx_hal.o(.bss.uwTick)



==============================================================================

Memory Map of the image

  Image Entry point : 0x080000ed

  Load Region LR_IROM1 (Base: 0x08000000, Size: 0x00005b48, Max: 0x00010000, ABSOLUTE)

    Execution Region ER_IROM1 (Exec base: 0x08000000, Load base: 0x08000000, Size: 0x00005b34, Max: 0x00010000, ABSOLUTE)

    Exec Addr    Load Addr    Size         Type   Attr      Idx    E Section Name        Object

    0x08000000   0x08000000   0x000000ec   Data   RO            3    RESET               startup_stm32f103xb.o
    0x080000ec   0x080000ec   0x00000008   Code   RO          858  * !!!main             c_w.l(__main.o)
    0x080000f4   0x080000f4   0x00000034   Code   RO         1174    !!!scatter          c_w.l(__scatter.o)
    0x08000128   0x08000128   0x0000001a   Code   RO         1176    !!handler_copy      c_w.l(__scatter_copy.o)
    0x08000142   0x08000142   0x00000002   PAD
    0x08000144   0x08000144   0x0000001c   Code   RO         1178    !!handler_zi        c_w.l(__scatter_zi.o)
    0x08000160   0x08000160   0x00000000   Code   RO          849    .ARM.Collect$$_printf_percent$$00000000  c_w.l(_printf_percent.o)
    0x08000160   0x08000160   0x00000006   Code   RO          906    .ARM.Collect$$_printf_percent$$00000001  c_w.l(_printf_n.o)
    0x08000166   0x08000166   0x00000006   Code   RO          908    .ARM.Collect$$_printf_percent$$00000002  c_w.l(_printf_p.o)
    0x0800016c   0x0800016c   0x00000006   Code   RO          912    .ARM.Collect$$_printf_percent$$00000003  c_w.l(_printf_f.o)
    0x08000172   0x08000172   0x00000006   Code   RO          913    .ARM.Collect$$_printf_percent$$00000004  c_w.l(_printf_e.o)
    0x08000178   0x08000178   0x00000006   Code   RO          914    .ARM.Collect$$_printf_percent$$00000005  c_w.l(_printf_g.o)
    0x0800017e   0x0800017e   0x00000006   Code   RO          915    .ARM.Collect$$_printf_percent$$00000006  c_w.l(_printf_a.o)
    0x08000184   0x08000184   0x0000000a   Code   RO          920    .ARM.Collect$$_printf_percent$$00000007  c_w.l(_printf_ll.o)
    0x0800018e   0x0800018e   0x00000006   Code   RO          910    .ARM.Collect$$_printf_percent$$00000008  c_w.l(_printf_i.o)
    0x08000194   0x08000194   0x00000006   Code   RO          848    .ARM.Collect$$_printf_percent$$00000009  c_w.l(_printf_d.o)
    0x0800019a   0x0800019a   0x00000006   Code   RO          911    .ARM.Collect$$_printf_percent$$0000000A  c_w.l(_printf_u.o)
    0x080001a0   0x080001a0   0x00000006   Code   RO          909    .ARM.Collect$$_printf_percent$$0000000B  c_w.l(_printf_o.o)
    0x080001a6   0x080001a6   0x00000006   Code   RO          907    .ARM.Collect$$_printf_percent$$0000000C  c_w.l(_printf_x.o)
    0x080001ac   0x080001ac   0x00000006   Code   RO          917    .ARM.Collect$$_printf_percent$$0000000D  c_w.l(_printf_lli.o)
    0x080001b2   0x080001b2   0x00000006   Code   RO          918    .ARM.Collect$$_printf_percent$$0000000E  c_w.l(_printf_lld.o)
    0x080001b8   0x080001b8   0x00000006   Code   RO          919    .ARM.Collect$$_printf_percent$$0000000F  c_w.l(_printf_llu.o)
    0x080001be   0x080001be   0x00000006   Code   RO          924    .ARM.Collect$$_printf_percent$$00000010  c_w.l(_printf_llo.o)
    0x080001c4   0x080001c4   0x00000006   Code   RO          925    .ARM.Collect$$_printf_percent$$00000011  c_w.l(_printf_llx.o)
    0x080001ca   0x080001ca   0x0000000a   Code   RO          921    .ARM.Collect$$_printf_percent$$00000012  c_w.l(_printf_l.o)
    0x080001d4   0x080001d4   0x00000006   Code   RO          905    .ARM.Collect$$_printf_percent$$00000013  c_w.l(_printf_c.o)
    0x080001da   0x080001da   0x00000006   Code   RO          847    .ARM.Collect$$_printf_percent$$00000014  c_w.l(_printf_s.o)
    0x080001e0   0x080001e0   0x00000006   Code   RO          922    .ARM.Collect$$_printf_percent$$00000015  c_w.l(_printf_lc.o)
    0x080001e6   0x080001e6   0x00000006   Code   RO          923    .ARM.Collect$$_printf_percent$$00000016  c_w.l(_printf_ls.o)
    0x080001ec   0x080001ec   0x00000004   Code   RO          916    .ARM.Collect$$_printf_percent$$00000017  c_w.l(_printf_percent_end.o)
    0x080001f0   0x080001f0   0x00000002   Code   RO         1022    .ARM.Collect$$libinit$$00000000  c_w.l(libinit.o)
    0x080001f2   0x080001f2   0x00000000   Code   RO         1041    .ARM.Collect$$libinit$$00000002  c_w.l(libinit2.o)
    0x080001f2   0x080001f2   0x00000000   Code   RO         1043    .ARM.Collect$$libinit$$00000004  c_w.l(libinit2.o)
    0x080001f2   0x080001f2   0x00000000   Code   RO         1045    .ARM.Collect$$libinit$$00000006  c_w.l(libinit2.o)
    0x080001f2   0x080001f2   0x00000000   Code   RO         1048    .ARM.Collect$$libinit$$0000000C  c_w.l(libinit2.o)
    0x080001f2   0x080001f2   0x00000000   Code   RO         1050    .ARM.Collect$$libinit$$0000000E  c_w.l(libinit2.o)
    0x080001f2   0x080001f2   0x00000000   Code   RO         1052    .ARM.Collect$$libinit$$00000010  c_w.l(libinit2.o)
    0x080001f2   0x080001f2   0x00000006   Code   RO         1053    .ARM.Collect$$libinit$$00000011  c_w.l(libinit2.o)
    0x080001f8   0x080001f8   0x00000000   Code   RO         1055    .ARM.Collect$$libinit$$00000013  c_w.l(libinit2.o)
    0x080001f8   0x080001f8   0x0000000c   Code   RO         1056    .ARM.Collect$$libinit$$00000014  c_w.l(libinit2.o)
    0x08000204   0x08000204   0x00000000   Code   RO         1057    .ARM.Collect$$libinit$$00000015  c_w.l(libinit2.o)
    0x08000204   0x08000204   0x00000000   Code   RO         1059    .ARM.Collect$$libinit$$00000017  c_w.l(libinit2.o)
    0x08000204   0x08000204   0x0000000a   Code   RO         1060    .ARM.Collect$$libinit$$00000018  c_w.l(libinit2.o)
    0x0800020e   0x0800020e   0x00000000   Code   RO         1061    .ARM.Collect$$libinit$$00000019  c_w.l(libinit2.o)
    0x0800020e   0x0800020e   0x00000000   Code   RO         1063    .ARM.Collect$$libinit$$0000001B  c_w.l(libinit2.o)
    0x0800020e   0x0800020e   0x00000000   Code   RO         1065    .ARM.Collect$$libinit$$0000001D  c_w.l(libinit2.o)
    0x0800020e   0x0800020e   0x00000000   Code   RO         1067    .ARM.Collect$$libinit$$0000001F  c_w.l(libinit2.o)
    0x0800020e   0x0800020e   0x00000000   Code   RO         1069    .ARM.Collect$$libinit$$00000021  c_w.l(libinit2.o)
    0x0800020e   0x0800020e   0x00000000   Code   RO         1071    .ARM.Collect$$libinit$$00000023  c_w.l(libinit2.o)
    0x0800020e   0x0800020e   0x00000000   Code   RO         1073    .ARM.Collect$$libinit$$00000025  c_w.l(libinit2.o)
    0x0800020e   0x0800020e   0x00000000   Code   RO         1075    .ARM.Collect$$libinit$$00000027  c_w.l(libinit2.o)
    0x0800020e   0x0800020e   0x00000000   Code   RO         1079    .ARM.Collect$$libinit$$0000002E  c_w.l(libinit2.o)
    0x0800020e   0x0800020e   0x00000000   Code   RO         1081    .ARM.Collect$$libinit$$00000030  c_w.l(libinit2.o)
    0x0800020e   0x0800020e   0x00000000   Code   RO         1083    .ARM.Collect$$libinit$$00000032  c_w.l(libinit2.o)
    0x0800020e   0x0800020e   0x00000000   Code   RO         1085    .ARM.Collect$$libinit$$00000034  c_w.l(libinit2.o)
    0x0800020e   0x0800020e   0x00000002   Code   RO         1086    .ARM.Collect$$libinit$$00000035  c_w.l(libinit2.o)
    0x08000210   0x08000210   0x00000002   Code   RO         1110    .ARM.Collect$$libshutdown$$00000000  c_w.l(libshutdown.o)
    0x08000212   0x08000212   0x00000000   Code   RO         1125    .ARM.Collect$$libshutdown$$00000002  c_w.l(libshutdown2.o)
    0x08000212   0x08000212   0x00000000   Code   RO         1127    .ARM.Collect$$libshutdown$$00000004  c_w.l(libshutdown2.o)
    0x08000212   0x08000212   0x00000000   Code   RO         1130    .ARM.Collect$$libshutdown$$00000007  c_w.l(libshutdown2.o)
    0x08000212   0x08000212   0x00000000   Code   RO         1133    .ARM.Collect$$libshutdown$$0000000A  c_w.l(libshutdown2.o)
    0x08000212   0x08000212   0x00000000   Code   RO         1135    .ARM.Collect$$libshutdown$$0000000C  c_w.l(libshutdown2.o)
    0x08000212   0x08000212   0x00000000   Code   RO         1138    .ARM.Collect$$libshutdown$$0000000F  c_w.l(libshutdown2.o)
    0x08000212   0x08000212   0x00000002   Code   RO         1139    .ARM.Collect$$libshutdown$$00000010  c_w.l(libshutdown2.o)
    0x08000214   0x08000214   0x00000000   Code   RO          860    .ARM.Collect$$rtentry$$00000000  c_w.l(__rtentry.o)
    0x08000214   0x08000214   0x00000000   Code   RO          941    .ARM.Collect$$rtentry$$00000002  c_w.l(__rtentry2.o)
    0x08000214   0x08000214   0x00000006   Code   RO          953    .ARM.Collect$$rtentry$$00000004  c_w.l(__rtentry4.o)
    0x0800021a   0x0800021a   0x00000000   Code   RO          943    .ARM.Collect$$rtentry$$00000009  c_w.l(__rtentry2.o)
    0x0800021a   0x0800021a   0x00000004   Code   RO          944    .ARM.Collect$$rtentry$$0000000A  c_w.l(__rtentry2.o)
    0x0800021e   0x0800021e   0x00000000   Code   RO          946    .ARM.Collect$$rtentry$$0000000C  c_w.l(__rtentry2.o)
    0x0800021e   0x0800021e   0x00000008   Code   RO          947    .ARM.Collect$$rtentry$$0000000D  c_w.l(__rtentry2.o)
    0x08000226   0x08000226   0x00000002   Code   RO         1031    .ARM.Collect$$rtexit$$00000000  c_w.l(rtexit.o)
    0x08000228   0x08000228   0x00000000   Code   RO         1088    .ARM.Collect$$rtexit$$00000002  c_w.l(rtexit2.o)
    0x08000228   0x08000228   0x00000004   Code   RO         1089    .ARM.Collect$$rtexit$$00000003  c_w.l(rtexit2.o)
    0x0800022c   0x0800022c   0x00000006   Code   RO         1090    .ARM.Collect$$rtexit$$00000004  c_w.l(rtexit2.o)
    0x08000232   0x08000232   0x00000002   PAD
    0x08000234   0x08000234   0x00000040   Code   RO            4    .text               startup_stm32f103xb.o
    0x08000274   0x08000274   0x00000024   Code   RO          813    .text               c_w.l(vsprintf.o)
    0x08000298   0x08000298   0x0000002c   Code   RO          815    .text               c_w.l(__2sprintf.o)
    0x080002c4   0x080002c4   0x0000004e   Code   RO          821    .text               c_w.l(_printf_pad.o)
    0x08000312   0x08000312   0x00000052   Code   RO          823    .text               c_w.l(_printf_str.o)
    0x08000364   0x08000364   0x00000078   Code   RO          825    .text               c_w.l(_printf_dec.o)
    0x080003dc   0x080003dc   0x00000188   Code   RO          844    .text               c_w.l(__printf_flags_ss_wp.o)
    0x08000564   0x08000564   0x0000003c   Code   RO          850    .text               c_w.l(__0sscanf.o)
    0x080005a0   0x080005a0   0x0000014c   Code   RO          852    .text               c_w.l(_scanf_int.o)
    0x080006ec   0x080006ec   0x00000096   Code   RO          854    .text               c_w.l(strncmp.o)
    0x08000782   0x08000782   0x00000006   Code   RO          856    .text               c_w.l(heapauxi.o)
    0x08000788   0x08000788   0x00000024   Code   RO          861    .text               c_w.l(_printf_truncate.o)
    0x080007ac   0x080007ac   0x000000b2   Code   RO          863    .text               c_w.l(_printf_intcommon.o)
    0x0800085e   0x0800085e   0x00000028   Code   RO          865    .text               c_w.l(_printf_charcount.o)
    0x08000886   0x08000886   0x00000002   PAD
    0x08000888   0x08000888   0x00000030   Code   RO          867    .text               c_w.l(_printf_char_common.o)
    0x080008b8   0x080008b8   0x0000000a   Code   RO          869    .text               c_w.l(_sputc.o)
    0x080008c2   0x080008c2   0x0000002c   Code   RO          871    .text               c_w.l(_printf_char.o)
    0x080008ee   0x080008ee   0x00000002   PAD
    0x080008f0   0x080008f0   0x000000bc   Code   RO          873    .text               c_w.l(_printf_wctomb.o)
    0x080009ac   0x080009ac   0x0000007c   Code   RO          876    .text               c_w.l(_printf_longlong_dec.o)
    0x08000a28   0x08000a28   0x00000070   Code   RO          882    .text               c_w.l(_printf_oct_int_ll.o)
    0x08000a98   0x08000a98   0x00000094   Code   RO          902    .text               c_w.l(_printf_hex_int_ll_ptr.o)
    0x08000b2c   0x08000b2c   0x0000001c   Code   RO          926    .text               c_w.l(_chval.o)
    0x08000b48   0x08000b48   0x0000002c   Code   RO          928    .text               c_w.l(scanf_char.o)
    0x08000b74   0x08000b74   0x00000040   Code   RO          930    .text               c_w.l(_sgetc.o)
    0x08000bb4   0x08000bb4   0x0000008a   Code   RO          955    .text               c_w.l(lludiv10.o)
    0x08000c3e   0x08000c3e   0x00000012   Code   RO          957    .text               c_w.l(isspace.o)
    0x08000c50   0x08000c50   0x0000041c   Code   RO          959    .text               c_w.l(_printf_fp_dec.o)
    0x0800106c   0x0800106c   0x000002fc   Code   RO          963    .text               c_w.l(_printf_fp_hex.o)
    0x08001368   0x08001368   0x0000002c   Code   RO          968    .text               c_w.l(_printf_wchar.o)
    0x08001394   0x08001394   0x00000374   Code   RO          970    .text               c_w.l(_scanf.o)
    0x08001708   0x08001708   0x00000048   Code   RO          972    .text               c_w.l(_c16rtomb.o)
    0x08001750   0x08001750   0x0000004a   Code   RO          974    .text               c_w.l(sys_stackheap_outer.o)
    0x0800179a   0x0800179a   0x00000002   PAD
    0x0800179c   0x0800179c   0x00000010   Code   RO          976    .text               c_w.l(rt_ctype_table.o)
    0x080017ac   0x080017ac   0x00000008   Code   RO          981    .text               c_w.l(rt_locale_intlibspace.o)
    0x080017b4   0x080017b4   0x00000080   Code   RO          983    .text               c_w.l(_printf_fp_infnan.o)
    0x08001834   0x08001834   0x000000e4   Code   RO          985    .text               c_w.l(bigflt0.o)
    0x08001918   0x08001918   0x00000012   Code   RO         1015    .text               c_w.l(exit.o)
    0x0800192a   0x0800192a   0x00000002   PAD
    0x0800192c   0x0800192c   0x00000008   Code   RO         1028    .text               c_w.l(libspace.o)
    0x08001934   0x08001934   0x00000080   Code   RO         1038    .text               c_w.l(strcmpv7m.o)
    0x080019b4   0x080019b4   0x0000000c   Code   RO         1100    .text               c_w.l(sys_exit.o)
    0x080019c0   0x080019c0   0x00000002   Code   RO         1115    .text               c_w.l(use_no_semi.o)
    0x080019c2   0x080019c2   0x00000000   Code   RO         1117    .text               c_w.l(indicate_semi.o)
    0x080019c2   0x080019c2   0x00000002   PAD
    0x080019c4   0x080019c4   0x00000002   Code   RO           70    .text.BusFault_Handler  stm32f1xx_it.o
    0x080019c6   0x080019c6   0x00000002   PAD
    0x080019c8   0x080019c8   0x0000000c   Code   RO          769    .text.DS3231_Init   ds3231.o
    0x080019d4   0x080019d4   0x00000002   Code   RO           76    .text.DebugMon_Handler  stm32f1xx_it.o
    0x080019d6   0x080019d6   0x00000002   PAD
    0x080019d8   0x080019d8   0x00000046   Code   RO          405    .text.HAL_DMA_Abort  stm32f1xx_hal_dma.o
    0x08001a1e   0x08001a1e   0x00000002   PAD
    0x08001a20   0x08001a20   0x000000b2   Code   RO          407    .text.HAL_DMA_Abort_IT  stm32f1xx_hal_dma.o
    0x08001ad2   0x08001ad2   0x00000002   PAD
    0x08001ad4   0x08001ad4   0x00000028   Code   RO          281    .text.HAL_Delay     stm32f1xx_hal.o
    0x08001afc   0x08001afc   0x0000021a   Code   RO          373    .text.HAL_GPIO_Init  stm32f1xx_hal_gpio.o
    0x08001d16   0x08001d16   0x00000002   PAD
    0x08001d18   0x08001d18   0x0000000a   Code   RO          377    .text.HAL_GPIO_ReadPin  stm32f1xx_hal_gpio.o
    0x08001d22   0x08001d22   0x00000002   PAD
    0x08001d24   0x08001d24   0x0000000a   Code   RO          379    .text.HAL_GPIO_WritePin  stm32f1xx_hal_gpio.o
    0x08001d2e   0x08001d2e   0x00000002   PAD
    0x08001d30   0x08001d30   0x0000000c   Code   RO          273    .text.HAL_GetTick   stm32f1xx_hal.o
    0x08001d3c   0x08001d3c   0x00000176   Code   RO          123    .text.HAL_I2C_Init  stm32f1xx_hal_i2c.o
    0x08001eb2   0x08001eb2   0x00000002   PAD
    0x08001eb4   0x08001eb4   0x000003fc   Code   RO          139    .text.HAL_I2C_Master_Receive  stm32f1xx_hal_i2c.o
    0x080022b0   0x080022b0   0x000001d4   Code   RO          131    .text.HAL_I2C_Master_Transmit  stm32f1xx_hal_i2c.o
    0x08002484   0x08002484   0x0000035e   Code   RO          171    .text.HAL_I2C_Mem_Read  stm32f1xx_hal_i2c.o
    0x080027e2   0x080027e2   0x00000002   PAD
    0x080027e4   0x080027e4   0x00000158   Code   RO          167    .text.HAL_I2C_Mem_Write  stm32f1xx_hal_i2c.o
    0x0800293c   0x0800293c   0x00000062   Code   RO           93    .text.HAL_I2C_MspInit  stm32f1xx_hal_msp.o
    0x0800299e   0x0800299e   0x00000002   PAD
    0x080029a0   0x080029a0   0x0000001a   Code   RO          271    .text.HAL_IncTick   stm32f1xx_hal.o
    0x080029ba   0x080029ba   0x00000002   PAD
    0x080029bc   0x080029bc   0x00000026   Code   RO          261    .text.HAL_Init      stm32f1xx_hal.o
    0x080029e2   0x080029e2   0x00000002   PAD
    0x080029e4   0x080029e4   0x00000048   Code   RO          263    .text.HAL_InitTick  stm32f1xx_hal.o
    0x08002a2c   0x08002a2c   0x00000042   Code   RO           91    .text.HAL_MspInit   stm32f1xx_hal_msp.o
    0x08002a6e   0x08002a6e   0x00000002   PAD
    0x08002a70   0x08002a70   0x00000026   Code   RO          433    .text.HAL_NVIC_EnableIRQ  stm32f1xx_hal_cortex.o
    0x08002a96   0x08002a96   0x00000002   PAD
    0x08002a98   0x08002a98   0x00000056   Code   RO          431    .text.HAL_NVIC_SetPriority  stm32f1xx_hal_cortex.o
    0x08002aee   0x08002aee   0x00000002   PAD
    0x08002af0   0x08002af0   0x00000020   Code   RO          429    .text.HAL_NVIC_SetPriorityGrouping  stm32f1xx_hal_cortex.o
    0x08002b10   0x08002b10   0x000001be   Code   RO          325    .text.HAL_RCC_ClockConfig  stm32f1xx_hal_rcc.o
    0x08002cce   0x08002cce   0x00000002   PAD
    0x08002cd0   0x08002cd0   0x00000026   Code   RO          337    .text.HAL_RCC_GetPCLK1Freq  stm32f1xx_hal_rcc.o
    0x08002cf6   0x08002cf6   0x00000002   PAD
    0x08002cf8   0x08002cf8   0x00000026   Code   RO          339    .text.HAL_RCC_GetPCLK2Freq  stm32f1xx_hal_rcc.o
    0x08002d1e   0x08002d1e   0x00000002   PAD
    0x08002d20   0x08002d20   0x000003b4   Code   RO          323    .text.HAL_RCC_OscConfig  stm32f1xx_hal_rcc.o
    0x080030d4   0x080030d4   0x0000002c   Code   RO          441    .text.HAL_SYSTICK_Config  stm32f1xx_hal_cortex.o
    0x08003100   0x08003100   0x00000002   Code   RO          680    .text.HAL_UARTEx_RxEventCallback  stm32f1xx_hal_uart.o
    0x08003102   0x08003102   0x00000002   PAD
    0x08003104   0x08003104   0x00000002   Code   RO          678    .text.HAL_UART_ErrorCallback  stm32f1xx_hal_uart.o
    0x08003106   0x08003106   0x00000002   PAD
    0x08003108   0x08003108   0x00000560   Code   RO          672    .text.HAL_UART_IRQHandler  stm32f1xx_hal_uart.o
    0x08003668   0x08003668   0x000000e2   Code   RO          596    .text.HAL_UART_Init  stm32f1xx_hal_uart.o
    0x0800374a   0x0800374a   0x00000002   PAD
    0x0800374c   0x0800374c   0x0000008a   Code   RO           97    .text.HAL_UART_MspInit  stm32f1xx_hal_msp.o
    0x080037d6   0x080037d6   0x00000002   PAD
    0x080037d8   0x080037d8   0x00000052   Code   RO          616    .text.HAL_UART_Receive_IT  stm32f1xx_hal_uart.o
    0x0800382a   0x0800382a   0x00000002   PAD
    0x0800382c   0x0800382c   0x00000060   Code   RO           15    .text.HAL_UART_RxCpltCallback  main.o
    0x0800388c   0x0800388c   0x00000002   Code   RO          682    .text.HAL_UART_TxCpltCallback  stm32f1xx_hal_uart.o
    0x0800388e   0x0800388e   0x00000002   PAD
    0x08003890   0x08003890   0x00000002   Code   RO           66    .text.HardFault_Handler  stm32f1xx_it.o
    0x08003892   0x08003892   0x00000002   PAD
    0x08003894   0x08003894   0x00000118   Code   RO          173    .text.I2C_RequestMemoryRead  stm32f1xx_hal_i2c.o
    0x080039ac   0x080039ac   0x000000c8   Code   RO          169    .text.I2C_RequestMemoryWrite  stm32f1xx_hal_i2c.o
    0x08003a74   0x08003a74   0x000000be   Code   RO          137    .text.I2C_WaitOnBTFFlagUntilTimeout  stm32f1xx_hal_i2c.o
    0x08003b32   0x08003b32   0x00000002   PAD
    0x08003b34   0x08003b34   0x000001d2   Code   RO          133    .text.I2C_WaitOnFlagUntilTimeout  stm32f1xx_hal_i2c.o
    0x08003d06   0x08003d06   0x00000002   PAD
    0x08003d08   0x08003d08   0x000000e0   Code   RO          251    .text.I2C_WaitOnMasterAddressFlagUntilTimeout  stm32f1xx_hal_i2c.o
    0x08003de8   0x08003de8   0x00000090   Code   RO          141    .text.I2C_WaitOnRXNEFlagUntilTimeout  stm32f1xx_hal_i2c.o
    0x08003e78   0x08003e78   0x000000be   Code   RO          135    .text.I2C_WaitOnTXEFlagUntilTimeout  stm32f1xx_hal_i2c.o
    0x08003f36   0x08003f36   0x00000002   PAD
    0x08003f38   0x08003f38   0x00000002   Code   RO           68    .text.MemManage_Handler  stm32f1xx_it.o
    0x08003f3a   0x08003f3a   0x00000002   PAD
    0x08003f3c   0x08003f3c   0x00000002   Code   RO           64    .text.NMI_Handler   stm32f1xx_it.o
    0x08003f3e   0x08003f3e   0x00000002   PAD
    0x08003f40   0x08003f40   0x00000002   Code   RO           78    .text.PendSV_Handler  stm32f1xx_it.o
    0x08003f42   0x08003f42   0x00000002   PAD
    0x08003f44   0x08003f44   0x00000002   Code   RO           74    .text.SVC_Handler   stm32f1xx_it.o
    0x08003f46   0x08003f46   0x00000002   PAD
    0x08003f48   0x08003f48   0x00000004   Code   RO           80    .text.SysTick_Handler  stm32f1xx_it.o
    0x08003f4c   0x08003f4c   0x00000002   Code   RO          716    .text.SystemInit    system_stm32f1xx.o
    0x08003f4e   0x08003f4e   0x00000002   PAD
    0x08003f50   0x08003f50   0x0000000c   Code   RO          676    .text.UART_DMAAbortOnError  stm32f1xx_hal_uart.o
    0x08003f5c   0x08003f5c   0x000000fe   Code   RO          674    .text.UART_Receive_IT  stm32f1xx_hal_uart.o
    0x0800405a   0x0800405a   0x00000002   PAD
    0x0800405c   0x0800405c   0x0000000c   Code   RO           82    .text.USART1_IRQHandler  stm32f1xx_it.o
    0x08004068   0x08004068   0x00000002   Code   RO           72    .text.UsageFault_Handler  stm32f1xx_it.o
    0x0800406a   0x0800406a   0x00000002   PAD
    0x0800406c   0x0800406c   0x000002c0   Code   RO           25    .text.adjust_time   main.o
    0x0800432c   0x0800432c   0x0000009e   Code   RO           29    .text.btn_press_short_callback  main.o
    0x080043ca   0x080043ca   0x00000002   PAD
    0x080043cc   0x080043cc   0x00000078   Code   RO           31    .text.btn_press_timeout_callback  main.o
    0x08004444   0x08004444   0x0000003e   Code   RO           27    .text.btn_pressing_callback  main.o
    0x08004482   0x08004482   0x00000002   PAD
    0x08004484   0x08004484   0x00000002   Code   RO          796    .text.btn_release_callback  button.o
    0x08004486   0x08004486   0x00000002   PAD
    0x08004488   0x08004488   0x000000a2   Code   RO          800    .text.button_handle  button.o
    0x0800452a   0x0800452a   0x00000002   PAD
    0x0800452c   0x0800452c   0x00000010   Code   RO          802    .text.button_init   button.o
    0x0800453c   0x0800453c   0x00000038   Code   RO          781    .text.ds3231_read_ram  ds3231.o
    0x08004574   0x08004574   0x00000032   Code   RO          779    .text.ds3231_write_ram  ds3231.o
    0x080045a6   0x080045a6   0x00000002   PAD
    0x080045a8   0x080045a8   0x00000042   Code   RO          733    .text.lcd_clear_display  liquidcrystal_i2c.o
    0x080045ea   0x080045ea   0x00000002   PAD
    0x080045ec   0x080045ec   0x00000186   Code   RO          759    .text.lcd_init      liquidcrystal_i2c.o
    0x08004772   0x08004772   0x00000002   PAD
    0x08004774   0x08004774   0x00000082   Code   RO          757    .text.lcd_printf    liquidcrystal_i2c.o
    0x080047f6   0x080047f6   0x00000002   PAD
    0x080047f8   0x080047f8   0x00000058   Code   RO          743    .text.lcd_set_cursor  liquidcrystal_i2c.o
    0x08004850   0x08004850   0x000003d8   Code   RO           41    .text.main          main.o
    0x08004c28   0x08004c28   0x000000e4   Code   RO           13    .text.parse_bluetooth_cmd  main.o
    0x08004d0c   0x08004d0c   0x0000007a   Code   RO          777    .text.rtc_read_day_of_week  ds3231.o
    0x08004d86   0x08004d86   0x00000002   PAD
    0x08004d88   0x08004d88   0x000000c4   Code   RO          773    .text.rtc_read_time  ds3231.o
    0x08004e4c   0x08004e4c   0x000000e4   Code   RO          771    .text.rtc_write_time  ds3231.o
    0x08004f30   0x08004f30   0x00000122   Code   RO           35    .text.setting_blink  main.o
    0x08005052   0x08005052   0x0000003e   Code   RO          988    CL$$btod_d2e        c_w.l(btod.o)
    0x08005090   0x08005090   0x00000046   Code   RO          990    CL$$btod_d2e_denorm_low  c_w.l(btod.o)
    0x080050d6   0x080050d6   0x00000060   Code   RO          989    CL$$btod_d2e_norm_op1  c_w.l(btod.o)
    0x08005136   0x08005136   0x00000002   PAD
    0x08005138   0x08005138   0x00000338   Code   RO          998    CL$$btod_div_common  c_w.l(btod.o)
    0x08005470   0x08005470   0x000000dc   Code   RO          995    CL$$btod_e2e        c_w.l(btod.o)
    0x0800554c   0x0800554c   0x0000002a   Code   RO          992    CL$$btod_ediv       c_w.l(btod.o)
    0x08005576   0x08005576   0x0000002a   Code   RO          991    CL$$btod_emul       c_w.l(btod.o)
    0x080055a0   0x080055a0   0x00000244   Code   RO          997    CL$$btod_mult_common  c_w.l(btod.o)
    0x080057e4   0x080057e4   0x00000028   Code   RO         1026    i.__ARM_fpclassify  m_ws.l(fpclassify.o)
    0x0800580c   0x0800580c   0x0000000e   Code   RO          837    i._is_digit         c_w.l(__printf_wp.o)
    0x0800581a   0x0800581a   0x00000002   PAD
    0x0800581c   0x0800581c   0x0000002c   Code   RO         1013    locale$$code        c_w.l(lc_numeric_c.o)
    0x08005848   0x08005848   0x0000002c   Code   RO         1036    locale$$code        c_w.l(lc_ctype_c.o)
    0x08005874   0x08005874   0x00000004   Code   RO          932    x$fpl$printf1       fz_ws.l(printf1.o)
    0x08005878   0x08005878   0x00000004   Code   RO          934    x$fpl$printf2       fz_ws.l(printf2.o)
    0x0800587c   0x0800587c   0x00000000   Code   RO         1025    x$fpl$usenofp       fz_ws.l(usenofp.o)
    0x0800587c   0x0800587c   0x00000011   Data   RO          845    .constdata          c_w.l(__printf_flags_ss_wp.o)
    0x0800588d   0x0800588d   0x00000003   PAD
    0x08005890   0x08005890   0x00000008   Data   RO          874    .constdata          c_w.l(_printf_wctomb.o)
    0x08005898   0x08005898   0x00000028   Data   RO          903    .constdata          c_w.l(_printf_hex_int_ll_ptr.o)
    0x080058c0   0x080058c0   0x00000026   Data   RO          964    .constdata          c_w.l(_printf_fp_hex.o)
    0x080058e6   0x080058e6   0x00000002   PAD
    0x080058e8   0x080058e8   0x00000094   Data   RO          986    .constdata          c_w.l(bigflt0.o)
    0x0800597c   0x0800597c   0x00000010   Data   RO          721    .rodata.AHBPrescTable  system_stm32f1xx.o
    0x0800598c   0x0800598c   0x00000008   Data   RO          722    .rodata.APBPrescTable  system_stm32f1xx.o
    0x08005994   0x08005994   0x00000002   Data   RO          350    .rodata.HAL_RCC_GetSysClockFreq.aPredivFactorTable  stm32f1xx_hal_rcc.o
    0x08005996   0x08005996   0x00000015   Data   RO           47    .rodata.arr_day     main.o
    0x080059ab   0x080059ab   0x00000010   Data   RO          349    .rodata.cst16       stm32f1xx_hal_rcc.o
    0x080059bb   0x080059bb   0x0000002c   Data   RO           48    .rodata.str1.1      main.o
    0x080059e7   0x080059e7   0x00000001   PAD
    0x080059e8   0x080059e8   0x00000020   Data   RO         1173    Region$$Table       anon$$obj.o
    0x08005a08   0x08005a08   0x0000001c   Data   RO         1012    locale$$data        c_w.l(lc_numeric_c.o)
    0x08005a24   0x08005a24   0x00000110   Data   RO         1035    locale$$data        c_w.l(lc_ctype_c.o)


    Execution Region RW_IRAM1 (Exec base: 0x20000000, Load base: 0x08005b38, Size: 0x000007b8, Max: 0x00005000, ABSOLUTE)

    Exec Addr    Load Addr    Size         Type   Attr      Idx    E Section Name        Object

    0x20000000   0x08005b38   0x00000008   Data   RW          312    .data..L_MergedGlobals  stm32f1xx_hal.o
    0x20000008   0x08005b40   0x00000004   Data   RW          720    .data.SystemCoreClock  system_stm32f1xx.o
    0x2000000c   0x08005b44   0x00000001   Data   RW           51    .data.alarm_screen.is_show  main.o
    0x2000000d   0x08005b45   0x00000001   Data   RW           50    .data.setting_blink.is_show  main.o
    0x2000000e   0x08005b46   0x00000002   PAD
    0x20000010        -       0x00000060   Zero   RW         1029    .bss                c_w.l(libspace.o)
    0x20000070        -       0x00000068   Zero   RW           54    .bss..L_MergedGlobals  main.o
    0x200000d8        -       0x00000038   Zero   RW           55    .bss..L_MergedGlobals.9  main.o
    0x20000110        -       0x00000004   Zero   RW          783    .bss.ds_i2c1        ds3231.o
    0x20000114        -       0x00000054   Zero   RW           52    .bss.hi2c1          main.o
    0x20000168        -       0x00000048   Zero   RW           49    .bss.huart1         main.o
    0x200001b0        -       0x00000004   Zero   RW          311    .bss.uwTick         stm32f1xx_hal.o
    0x200001b4   0x08005b46   0x00000004   PAD
    0x200001b8        -       0x00000200   Zero   RW            2    HEAP                startup_stm32f103xb.o
    0x200003b8        -       0x00000400   Zero   RW            1    STACK               startup_stm32f103xb.o


==============================================================================

Image component sizes


      Code (inc. data)   RO Data    RW Data    ZI Data      Debug   Object Name

       180          0          0          0          0       2172   button.o
       664          0          0          0          4       6385   ds3231.o
       674          4          0          0          0      11696   liquidcrystal_i2c.o
      2642         98         65          2        316      17249   main.o
        64         26        236          0       1536        836   startup_stm32f103xb.o
       188          0          0          8          4       5784   stm32f1xx_hal.o
       200          0          0          0          0       8542   stm32f1xx_hal_cortex.o
       248          0          0          0          0       8481   stm32f1xx_hal_dma.o
       558         22          0          0          0       4612   stm32f1xx_hal_gpio.o
      4762          0          0          0          0      42736   stm32f1xx_hal_i2c.o
       302          0          0          0          0       7367   stm32f1xx_hal_msp.o
      1470          0         18          0          0       7714   stm32f1xx_hal_rcc.o
      1956          0          0          0          0      32279   stm32f1xx_hal_uart.o
        32          0          0          0          0       3885   stm32f1xx_it.o
         2          0         24          4          0       1664   system_stm32f1xx.o

    ----------------------------------------------------------------------
     14030        150        376         16       1864     161402   Object Totals
         0          0         32          0          0          0   (incl. Generated)
        88          0          1          2          4          0   (incl. Padding)

    ----------------------------------------------------------------------

      Code (inc. data)   RO Data    RW Data    ZI Data      Debug   Library Member Name

        60          8          0          0          0         84   __0sscanf.o
        44          6          0          0          0         84   __2sprintf.o
         8          0          0          0          0         68   __main.o
       392          4         17          0          0         92   __printf_flags_ss_wp.o
        14          0          0          0          0         68   __printf_wp.o
         0          0          0          0          0          0   __rtentry.o
        12          0          0          0          0          0   __rtentry2.o
         6          0          0          0          0          0   __rtentry4.o
        52          8          0          0          0          0   __scatter.o
        26          0          0          0          0          0   __scatter_copy.o
        28          0          0          0          0          0   __scatter_zi.o
        72          0          0          0          0         96   _c16rtomb.o
        28          0          0          0          0         68   _chval.o
         6          0          0          0          0          0   _printf_a.o
         6          0          0          0          0          0   _printf_c.o
        44          0          0          0          0        108   _printf_char.o
        48          6          0          0          0         96   _printf_char_common.o
        40          0          0          0          0         68   _printf_charcount.o
         6          0          0          0          0          0   _printf_d.o
       120         16          0          0          0         92   _printf_dec.o
         6          0          0          0          0          0   _printf_e.o
         6          0          0          0          0          0   _printf_f.o
      1052          0          0          0          0        148   _printf_fp_dec.o
       764          8         38          0          0        100   _printf_fp_hex.o
       128         16          0          0          0         84   _printf_fp_infnan.o
         6          0          0          0          0          0   _printf_g.o
       148          4         40          0          0        160   _printf_hex_int_ll_ptr.o
         6          0          0          0          0          0   _printf_i.o
       178          0          0          0          0         88   _printf_intcommon.o
        10          0          0          0          0          0   _printf_l.o
         6          0          0          0          0          0   _printf_lc.o
        10          0          0          0          0          0   _printf_ll.o
         6          0          0          0          0          0   _printf_lld.o
         6          0          0          0          0          0   _printf_lli.o
         6          0          0          0          0          0   _printf_llo.o
         6          0          0          0          0          0   _printf_llu.o
         6          0          0          0          0          0   _printf_llx.o
       124         16          0          0          0         92   _printf_longlong_dec.o
         6          0          0          0          0          0   _printf_ls.o
         6          0          0          0          0          0   _printf_n.o
         6          0          0          0          0          0   _printf_o.o
       112          8          0          0          0        124   _printf_oct_int_ll.o
         6          0          0          0          0          0   _printf_p.o
        78          0          0          0          0        108   _printf_pad.o
         0          0          0          0          0          0   _printf_percent.o
         4          0          0          0          0          0   _printf_percent_end.o
         6          0          0          0          0          0   _printf_s.o
        82          0          0          0          0         80   _printf_str.o
        36          0          0          0          0         84   _printf_truncate.o
         6          0          0          0          0          0   _printf_u.o
        44          0          0          0          0        108   _printf_wchar.o
       188          6          8          0          0         92   _printf_wctomb.o
         6          0          0          0          0          0   _printf_x.o
       884          6          0          0          0        100   _scanf.o
       332          0          0          0          0         96   _scanf_int.o
        64          0          0          0          0         84   _sgetc.o
        10          0          0          0          0         68   _sputc.o
       228          4        148          0          0         96   bigflt0.o
      1936        128          0          0          0        668   btod.o
        18          0          0          0          0         80   exit.o
         6          0          0          0          0        152   heapauxi.o
         0          0          0          0          0          0   indicate_semi.o
        18          0          0          0          0         76   isspace.o
        44         10        272          0          0         76   lc_ctype_c.o
        44         10         28          0          0         76   lc_numeric_c.o
         2          0          0          0          0          0   libinit.o
        30          0          0          0          0          0   libinit2.o
         2          0          0          0          0          0   libshutdown.o
         2          0          0          0          0          0   libshutdown2.o
         8          4          0          0         96         68   libspace.o
       138          0          0          0          0         80   lludiv10.o
        16          4          0          0          0         76   rt_ctype_table.o
         8          4          0          0          0         68   rt_locale_intlibspace.o
         2          0          0          0          0          0   rtexit.o
        10          0          0          0          0          0   rtexit2.o
        44          8          0          0          0         84   scanf_char.o
       128          0          0          0          0         68   strcmpv7m.o
       150          0          0          0          0         80   strncmp.o
        12          4          0          0          0         68   sys_exit.o
        74          0          0          0          0         80   sys_stackheap_outer.o
         2          0          0          0          0         68   use_no_semi.o
        36          4          0          0          0         76   vsprintf.o
         4          0          0          0          0         68   printf1.o
         4          0          0          0          0         68   printf2.o
         0          0          0          0          0          0   usenofp.o
        40          0          0          0          0         68   fpclassify.o

    ----------------------------------------------------------------------
      8386        292        556          0         96       4784   Library Totals
        18          0          5          0          0          0   (incl. Padding)

    ----------------------------------------------------------------------

      Code (inc. data)   RO Data    RW Data    ZI Data      Debug   Library Name

      8320        292        551          0         96       4580   c_w.l
         8          0          0          0          0        136   fz_ws.l
        40          0          0          0          0         68   m_ws.l

    ----------------------------------------------------------------------
      8386        292        556          0         96       4784   Library Totals

    ----------------------------------------------------------------------

==============================================================================


      Code (inc. data)   RO Data    RW Data    ZI Data      Debug   

     22416        442        932         16       1960     163322   Grand Totals
     22416        442        932         16       1960     163322   ELF Image Totals
     22416        442        932         16          0          0   ROM Totals

==============================================================================

    Total RO  Size (Code + RO Data)                23348 (  22.80kB)
    Total RW  Size (RW Data + ZI Data)              1976 (   1.93kB)
    Total ROM Size (Code + RO Data + RW Data)      23364 (  22.82kB)

==============================================================================

